✔ tower drag reference preserves original-source provenance and matching helper adapter (6.255834ms)
✔ native tower drag context: two-material rectangle (20.028709ms)
✔ native tower drag context: single smooth timelapse (15.075209ms)
✔ native tower drag context: single wrapping detection (15.461625ms)
✔ native tower drag context: sequential one nonprintable (16.339458ms)
✔ native tower drag context: sinking exclusion original limitation (17.713458ms)
✔ native tower drag context: nonrectangular native nonsinking bounds (14.311166ms)
✔ native tower drag context: linked remote instance extends native height (13.660417ms)
✔ native tower drag context: ranges and support assignments (14.048291ms)
✔ native tower drag context: painted second filament (13.688208ms)
✔ native tower drag context: tool change third filament (13.708667ms)
✔ native tower drag context: rib wall tall tower (13.811417ms)
✔ native tower drag context: dual nozzle change volume (14.871375ms)
✔ native tower drag context: float narrowed rotated offset (13.803042ms)
✔ native tower drag context: second plate native origins (14.396666ms)
✔ native tower drag context: native default single exclusion sentinel (13.787542ms)
✔ native tower drag context: brim 0 (13.747917ms)
✔ native tower drag context: brim 0.1 (13.790375ms)
✔ native tower drag context: brim 0.333333333333 (13.635792ms)
✔ native tower drag context: brim 20 (13.647791ms)
✔ native tower drag context: brim 1000 (14.287917ms)
✔ native tower drag context: shared extruder printable area (13.832625ms)
✔ native tower drag context: oversize or exact edge width 193 (14.045583ms)
✔ native tower drag context: oversize or exact edge width 194 (13.989417ms)
✔ native tower drag context: oversize or exact edge width 250 (13.706125ms)
✔ native tower drag context: remote fractional origin [240, -240, 0] (13.863166ms)
✔ native tower drag context: remote fractional origin [96000.333, -48000.777, 0] (13.470125ms)
✔ original native tower drag arithmetic: two-material rectangle (0.909791ms)
✔ original native tower drag arithmetic: single smooth timelapse (0.10825ms)
✔ original native tower drag arithmetic: single wrapping detection (0.077666ms)
✔ original native tower drag arithmetic: sequential one nonprintable (0.071875ms)
✔ original native tower drag arithmetic: sinking exclusion original limitation (0.076792ms)
✔ original native tower drag arithmetic: nonrectangular native nonsinking bounds (0.072583ms)
✔ original native tower drag arithmetic: linked remote instance extends native height (0.071208ms)
✔ original native tower drag arithmetic: ranges and support assignments (0.084667ms)
✔ original native tower drag arithmetic: painted second filament (0.082417ms)
✔ original native tower drag arithmetic: tool change third filament (0.115875ms)
✔ original native tower drag arithmetic: rib wall tall tower (0.077625ms)
✔ original native tower drag arithmetic: dual nozzle change volume (0.1035ms)
✔ original native tower drag arithmetic: float narrowed rotated offset (0.075833ms)
✔ original native tower drag arithmetic: second plate native origins (0.07ms)
✔ original native tower drag arithmetic: native default single exclusion sentinel (0.054666ms)
✔ original native tower drag arithmetic: brim 0 (0.052833ms)
✔ original native tower drag arithmetic: brim 0.1 (0.059708ms)
✔ original native tower drag arithmetic: brim 0.333333333333 (0.123667ms)
✔ original native tower drag arithmetic: brim 20 (0.064375ms)
✔ original native tower drag arithmetic: brim 1000 (0.148083ms)
✔ original native tower drag arithmetic: shared extruder printable area (0.152375ms)
✔ original native tower drag arithmetic: oversize or exact edge width 193 (0.226208ms)
✔ original native tower drag arithmetic: oversize or exact edge width 194 (0.171167ms)
✔ original native tower drag arithmetic: oversize or exact edge width 250 (0.144041ms)
✔ original native tower drag arithmetic: remote fractional origin [240, -240, 0] (0.1435ms)
✔ original native tower drag arithmetic: remote fractional origin [96000.333, -48000.777, 0] (0.083ms)
✔ drag needs native context and rejects invalid displacement (0.300125ms)
✔ the server opts into native drag context from effective settings and validates supplied context (2.311125ms)
ℹ tests 55
ℹ suites 0
ℹ pass 55
ℹ fail 0
ℹ cancelled 0
ℹ skipped 0
ℹ todo 0
ℹ duration_ms 476.521334
