[WebServer] (node:24572) Warning: The 'NO_COLOR' env is ignored due to the 'FORCE_COLOR' env being set.
[WebServer] (Use `node --trace-warnings ...` to show where the warning was created)

Running 14 tests using 1 worker

(node:24576) Warning: The 'NO_COLOR' env is ignored due to the 'FORCE_COLOR' env being set.
(Use `node --trace-warnings ...` to show where the warning was created)
  ✓   1 tests/e2e/prime-tower-drag.spec.js:21:1 › native tower drag commits one position edit, preserves other plates and geometry, and supports Undo/Redo (3.3s)
  ✓   2 tests/e2e/prime-tower-drag.spec.js:27:54 › Escape restores an in-flight tower drag without an undo edit (1.8s)
  ✓   3 tests/e2e/prime-tower-drag.spec.js:27:54 › pointercancel restores an in-flight tower drag without an undo edit (1.9s)
  ✓   4 tests/e2e/prime-tower-drag.spec.js:32:1 › dragging beyond an edge uses the native brim inset and keeps the camera fixed (2.2s)
  ✓   5 tests/e2e/prime-tower-drag.spec.js:36:1 › a helper without native drag context keeps its tower visible and offers no drag mutation (1.6s)
  ✓   6 tests/e2e/prime-tower-drag.spec.js:40:1 › starting from no object selection preserves the viewport for the entire tower gesture (2.4s)
  ✓   7 tests/e2e/prime-tower-drag.spec.js:45:1 › orthographic tower dragging preserves pointer geometry and selection (2.7s)
  ✓   8 tests/e2e/prime-tower-drag.spec.js:48:1 › native five-pixel threshold applies only before the tower is selected (2.6s)
  ✓   9 tests/e2e/prime-tower-drag.spec.js:52:88 › lost pointer capture cancels a tower drag and releases its temporary layout (2.7s)
  ✓  10 tests/e2e/prime-tower-drag.spec.js:52:88 › window blur cancels a tower drag and releases its temporary layout (2.8s)
  ✓  11 tests/e2e/prime-tower-drag.spec.js:52:88 › preview replacement cancels a tower drag and releases its temporary layout (3.0s)
  ✓  12 tests/e2e/prime-tower-drag.spec.js:68:25 › native tower X handle projects one axis and commits one Undo (3.8s)
  ✓  13 tests/e2e/prime-tower-drag.spec.js:68:25 › native tower Y handle projects one axis and commits one Undo (3.8s)
  ✓  14 tests/e2e/prime-tower-drag.spec.js:74:1 › tower Move shortcut, Shift snapping, Escape and Deselect preserve native tool restrictions (3.7s)

  14 passed (39.4s)
