✔ real orbit and pan damping settle in wall-clock time at 4–144 FPS without changing the final view (23.03025ms)
ℹ {"gesture":"orbit","fps":4,"frames":16,"elapsedMs":4000}
ℹ {"gesture":"orbit","fps":10,"frames":35,"elapsedMs":3500}
ℹ {"gesture":"orbit","fps":30,"frames":89,"elapsedMs":2966.666666666669}
ℹ {"gesture":"orbit","fps":60,"frames":163,"elapsedMs":2716.6666666666642}
ℹ {"gesture":"orbit","fps":144,"frames":348,"elapsedMs":2416.666666666648}
ℹ {"gesture":"pan","fps":4,"frames":13,"elapsedMs":3250}
ℹ {"gesture":"pan","fps":10,"frames":28,"elapsedMs":2800}
ℹ {"gesture":"pan","fps":30,"frames":69,"elapsedMs":2299.999999999999}
ℹ {"gesture":"pan","fps":60,"frames":123,"elapsedMs":2050.0000000000036}
ℹ {"gesture":"pan","fps":144,"frames":252,"elapsedMs":1749.999999999991}
✔ default frame-based controls demonstrate the slow-render regression (0.26575ms)
✔ a new gesture resets a long idle gap; Fit drains momentum without disabling future damping (0.13975ms)
✔ preview renders invalidated frames once and remains idle until a new change (0.4865ms)
✔ preview drains OrbitControls damping including change events without an endless animation loop (0.092292ms)
✔ disposed previews cancel pending frames and cannot draw into a detached canvas (0.105166ms)
✔ tower gizmo reference is bound to original source and native movement restrictions (7.60975ms)
✔ native move projection: axis-0-delta--15.75-snap-False (0.188541ms)
✔ native move projection: axis-0-delta--15.75-snap-True (0.044ms)
✔ native move projection: axis-0-delta--0.5-snap-False (0.040667ms)
✔ native move projection: axis-0-delta--0.5-snap-True (0.040791ms)
✔ native move projection: axis-0-delta-0.5-snap-False (0.031041ms)
✔ native move projection: axis-0-delta-0.5-snap-True (0.030333ms)
✔ native move projection: axis-0-delta-15.75-snap-False (0.029375ms)
✔ native move projection: axis-0-delta-15.75-snap-True (0.042959ms)
✔ native move projection: perspective-axis-0-delta--40 (0.067875ms)
✔ native move projection: perspective-axis-0-delta--0.75 (0.040042ms)
✔ native move projection: perspective-axis-0-delta-30 (0.037166ms)
✔ native move projection: axis-1-delta--15.75-snap-False (0.0235ms)
✔ native move projection: axis-1-delta--15.75-snap-True (0.019833ms)
✔ native move projection: axis-1-delta--0.5-snap-False (0.016083ms)
✔ native move projection: axis-1-delta--0.5-snap-True (0.020041ms)
✔ native move projection: axis-1-delta-0.5-snap-False (0.021916ms)
✔ native move projection: axis-1-delta-0.5-snap-True (0.017625ms)
✔ native move projection: axis-1-delta-15.75-snap-False (0.019208ms)
✔ native move projection: axis-1-delta-15.75-snap-True (0.017208ms)
✔ native move projection: perspective-axis-1-delta--40 (0.019458ms)
✔ native move projection: perspective-axis-1-delta--0.75 (0.01725ms)
✔ native move projection: perspective-axis-1-delta-30 (0.013416ms)
✔ native move projection: zero axis (0.029167ms)
✔ native move projection: parallel axis ray (0.021125ms)
✔ native move projection: remote fractional origin (0.019ms)
✔ native move projection: configured snap step (0.019167ms)
✔ invalid or degenerate camera rays are rejected (0.121542ms)
✔ tower lost capture discards preview displacement, restores controls, and closes the gesture (7.49375ms)
✔ tower window blur discards preview displacement, restores controls, and closes the gesture (4.276542ms)
✔ tower hidden page discards preview displacement, restores controls, and closes the gesture (2.962958ms)
✔ tower preview replacement discards preview displacement, restores controls, and closes the gesture (0.959ms)
✔ tower tool switch discards preview displacement, restores controls, and closes the gesture (0.946791ms)
✔ tower released button discards preview displacement, restores controls, and closes the gesture (1.041208ms)
✔ foreign pointer events cannot move, replace or commit an active tower gesture (1.120625ms)
✔ normal release commits once despite synchronous lost capture and retains prior control availability (0.623333ms)
✔ disposal cancels movement and removes interruption listeners without selecting into an unmounted owner (0.41475ms)
ℹ tests 43
ℹ suites 0
ℹ pass 43
ℹ fail 0
ℹ cancelled 0
ℹ skipped 0
ℹ todo 0
ℹ duration_ms 194.407875
