[WebServer] (node:43767) Warning: The 'NO_COLOR' env is ignored due to the 'FORCE_COLOR' env being set.
[WebServer] (Use `node --trace-warnings ...` to show where the warning was created)

Running 3 tests using 1 worker

(node:43773) Warning: The 'NO_COLOR' env is ignored due to the 'FORCE_COLOR' env being set.
(Use `node --trace-warnings ...` to show where the warning was created)
  ✘  1 tests/e2e/manipulation-units.spec.js:8:1 › Prepare positions and dimensions switch units without changing geometry, settings or Undo (6.6s)
(node:43803) Warning: The 'NO_COLOR' env is ignored due to the 'FORCE_COLOR' env being set.
(Use `node --trace-warnings ...` to show where the warning was created)
  ✘  2 tests/e2e/manipulation-units.spec.js:17:1 › inch position edits commit millimeters, leave angle and scale units unchanged, and survive save/reopen and Undo (1.6s)
(node:43835) Warning: The 'NO_COLOR' env is ignored due to the 'FORCE_COLOR' env being set.
(Use `node --trace-warnings ...` to show where the warning was created)
  ✘  3 tests/e2e/manipulation-units.spec.js:27:1 › inch edits of a joint selection preserve millimeter spacing and native-sized exported geometry (1.9s)


  1) tests/e2e/manipulation-units.spec.js:8:1 › Prepare positions and dimensions switch units without changing geometry, settings or Undo 

    Error: expect(locator).toBeVisible() failed

    Locator: getByRole('group', { name: 'Position offset (in)', exact: true })
    Expected: visible
    Timeout: 5000ms
    Error: element(s) not found

    Call log:
      - Expect "toBeVisible" getByRole('group', { name: 'Position offset (in)', exact: true }) with timeout 5000ms
      - waiting for getByRole('group', { name: 'Position offset (in)', exact: true })


       8 | test('Prepare positions and dimensions switch units without changing geometry, settings or Undo',async({page})=>{
       9 |  await open(page);await page.getByLabel('position X',{exact:true}).fill('25.4');const metric=await save(page);
    > 10 |  await units(page,'1');await expect(page.getByRole('group',{name:'Position offset (in)',exact:true})).toBeVisible();
         |                                                                                                       ^
      11 |  await expect(page.getByLabel('position X',{exact:true})).toHaveValue('1');await expect(page.getByTestId('object-dimensions')).toHaveText('Size: 0.787 × 0.787 × 0.787 in');
      12 |  const imperial=await save(page);expect(imperial).toEqual(metric);
      13 |  await units(page,'0');await expect(page.getByLabel('position X',{exact:true})).toHaveValue('25.4');
        at /private/tmp/orca-implementation/m38-transform-units-stage/tests/e2e/manipulation-units.spec.js:10:103

    Error Context: test-results/m38-focused/manipulation-units-Prepare-2dbc1-g-geometry-settings-or-Undo/error-context.md

    attachment #2: trace (application/zip) ─────────────────────────────────────────────────────────
    test-results/m38-focused/manipulation-units-Prepare-2dbc1-g-geometry-settings-or-Undo/trace.zip
    Usage:

        npx playwright show-trace test-results/m38-focused/manipulation-units-Prepare-2dbc1-g-geometry-settings-or-Undo/trace.zip

    ────────────────────────────────────────────────────────────────────────────────────────────────

  2) tests/e2e/manipulation-units.spec.js:17:1 › inch position edits commit millimeters, leave angle and scale units unchanged, and survive save/reopen and Undo 

    Error: expect(received).toEqual(expected) // deep equality

    - Expected  - 2
    + Received  + 2

      Array [
    -   31.75,
    -   -12.7,
    +   1.25,
    +   -0.5,
        0,
      ]

      18 |  await open(page);await units(page,'1');await page.getByLabel('position X',{exact:true}).fill('1.25');await page.getByLabel('position Y',{exact:true}).fill('-0.5');
      19 |  await page.getByLabel('rotation Z',{exact:true}).fill('90');await page.getByLabel('scale X',{exact:true}).fill('2');
    > 20 |  const saved=await save(page);expect(saved.objects[0].position).toEqual([31.75,-12.7,0]);expect(saved.objects[0].rotation).toEqual([0,0,90]);expect(saved.objects[0].scale).toEqual([2,2,2]);
         |                                                                 ^
      21 |  await page.getByLabel('Open Orca Web project').setInputFiles({name:'Inches.json',mimeType:'application/json',buffer:Buffer.from(JSON.stringify(saved))});await expect(page.getByRole('dialog',{name:'Importing project'})).toHaveCount(0);
      22 |  await expect(page.getByLabel('position X',{exact:true})).toHaveValue('1.25');await page.getByLabel('position Z',{exact:true}).fill('0.25');
      23 |  await page.getByRole('button',{name:'Drop to bed',exact:true}).click();await expect(page.getByLabel('position Z',{exact:true})).toHaveValue('0');
        at /private/tmp/orca-implementation/m38-transform-units-stage/tests/e2e/manipulation-units.spec.js:20:65

    Error Context: test-results/m38-focused/manipulation-units-inch-po-94ed7-urvive-save-reopen-and-Undo/error-context.md

    attachment #2: trace (application/zip) ─────────────────────────────────────────────────────────
    test-results/m38-focused/manipulation-units-inch-po-94ed7-urvive-save-reopen-and-Undo/trace.zip
    Usage:

        npx playwright show-trace test-results/m38-focused/manipulation-units-inch-po-94ed7-urvive-save-reopen-and-Undo/trace.zip

    ────────────────────────────────────────────────────────────────────────────────────────────────

  3) tests/e2e/manipulation-units.spec.js:27:1 › inch edits of a joint selection preserve millimeter spacing and native-sized exported geometry 

    Error: expect(received).toBeCloseTo(expected, precision)

    Expected: 25.4
    Received: 1

    Expected precision:    8
    Expected difference: < 0.000000005
    Received difference:   24.4

      29 |  const before=await save(page),centers=before.objects.map(o=>meshBounds(o).center);
      30 |  await units(page,'1');await page.getByLabel('position X',{exact:true}).fill('1');const after=await save(page);
    > 31 |  for(let i=0;i<after.objects.length;i++)expect(meshBounds(after.objects[i]).center[0]-centers[i][0]).toBeCloseTo(25.4,8);
         |                                                                                                      ^
      32 |  await page.getByRole('button',{name:'Undo',exact:true}).click();expect((await save(page)).objects).toEqual(before.objects);
      33 | });
      34 |
        at /private/tmp/orca-implementation/m38-transform-units-stage/tests/e2e/manipulation-units.spec.js:31:102

    Error Context: test-results/m38-focused/manipulation-units-inch-ed-c3f2a-ive-sized-exported-geometry/error-context.md

    attachment #2: trace (application/zip) ─────────────────────────────────────────────────────────
    test-results/m38-focused/manipulation-units-inch-ed-c3f2a-ive-sized-exported-geometry/trace.zip
    Usage:

        npx playwright show-trace test-results/m38-focused/manipulation-units-inch-ed-c3f2a-ive-sized-exported-geometry/trace.zip

    ────────────────────────────────────────────────────────────────────────────────────────────────

  3 failed
    tests/e2e/manipulation-units.spec.js:8:1 › Prepare positions and dimensions switch units without changing geometry, settings or Undo 
    tests/e2e/manipulation-units.spec.js:17:1 › inch position edits commit millimeters, leave angle and scale units unchanged, and survive save/reopen and Undo 
    tests/e2e/manipulation-units.spec.js:27:1 › inch edits of a joint selection preserve millimeter spacing and native-sized exported geometry 
