[WebServer] (node:52089) Warning: The 'NO_COLOR' env is ignored due to the 'FORCE_COLOR' env being set.
[WebServer] (Use `node --trace-warnings ...` to show where the warning was created)

Running 6 tests using 1 worker

(node:52093) Warning: The 'NO_COLOR' env is ignored due to the 'FORCE_COLOR' env being set.
(Use `node --trace-warnings ...` to show where the warning was created)
  ✘  1 tests/e2e/camera-preferences.spec.js:9:1 › native default middle drag pans; remapped None and Rotate actions persist without changing project history (2.1s)
(node:52106) Warning: The 'NO_COLOR' env is ignored due to the 'FORCE_COLOR' env being set.
(Use `node --trace-warnings ...` to show where the warning was created)
  ✘  2 tests/e2e/camera-preferences.spec.js:18:1 › reverse mouse wheel applies immediately in perspective and orthographic Prepare (30.1s)
(node:52131) Warning: The 'NO_COLOR' env is ignored due to the 'FORCE_COLOR' env being set.
(Use `node --trace-warnings ...` to show where the warning was created)
  ✘  3 tests/e2e/camera-preferences.spec.js:23:1 › orbit speed clamps and commits on Enter or blur; invalid drafts preserve the existing camera setting (6.2s)
(node:52137) Warning: The 'NO_COLOR' env is ignored due to the 'FORCE_COLOR' env being set.
(Use `node --trace-warnings ...` to show where the warning was created)
  ✘  4 tests/e2e/camera-preferences.spec.js:27:1 › malformed camera preferences recover to native defaults and storage failures retain explicit session-only changes (6.2s)
(node:52142) Warning: The 'NO_COLOR' env is ignored due to the 'FORCE_COLOR' env being set.
(Use `node --trace-warnings ...` to show where the warning was created)
  ✘  5 tests/e2e/camera-preferences.spec.js:32:1 › camera settings propagate to painting workspaces without converting a left brush stroke into a camera gesture (30.1s)
(node:52163) Warning: The 'NO_COLOR' env is ignored due to the 'FORCE_COLOR' env being set.
(Use `node --trace-warnings ...` to show where the warning was created)
  ✘  6 tests/e2e/camera-preferences.spec.js:37:1 › Preview shares native middle pan and reverse wheel preferences across workspace remounts (30.1s)


  1) tests/e2e/camera-preferences.spec.js:9:1 › native default middle drag pans; remapped None and Rotate actions persist without changing project history 

    Error: expect(received).toBeGreaterThan(expected)

    Expected: > 0.1
    Received:   1.4210854715202004e-14

       at ../fixtures/camera-browser.js:9

       7 | export async function cameraWheel(page,canvas,delta=100){const b=await canvas.boundingBox();await page.mouse.move(b.x+b.width*.2,b.y+b.height*.65);await page.mouse.wheel(0,delta);await gpuIdle(page,canvas);}
       8 | export async function preferences(page,change){await page.getByRole('button',{name:'Preferences',exact:true}).click();const dialog=page.getByRole('dialog',{name:'Preferences'});await change(dialog);await dialog.getByRole('button',{name:'Close',exact:true}).click();}
    >  9 | export async function expectPan(page,canvas,button='middle',modifiers=[]){await gpuIdle(page,canvas);const before=await frame(canvas);await cameraDrag(page,canvas,button,modifiers);const after=await frame(canvas);expect(vectorDistance(after.target,before.target)).toBeGreaterThan(.1);expect(distance(after)).toBeCloseTo(distance(before),7);for(let i=0;i<3;i++)expect(after.position[i]-after.target[i]).toBeCloseTo(before.position[i]-before.target[i],7);}
         |                                                                                                                                                                                                                                                                         ^
      10 |
        at expectPan (/private/tmp/orca-implementation/m39-camera-preferences-stage/tests/fixtures/camera-browser.js:9:265)
        at /private/tmp/orca-implementation/m39-camera-preferences-stage/tests/e2e/camera-preferences.spec.js:10:55

    Error Context: test-results/m39-focused/camera-preferences-native--32e11-ut-changing-project-history/error-context.md

    attachment #2: trace (application/zip) ─────────────────────────────────────────────────────────
    test-results/m39-focused/camera-preferences-native--32e11-ut-changing-project-history/trace.zip
    Usage:

        npx playwright show-trace test-results/m39-focused/camera-preferences-native--32e11-ut-changing-project-history/trace.zip

    ────────────────────────────────────────────────────────────────────────────────────────────────

  2) tests/e2e/camera-preferences.spec.js:18:1 › reverse mouse wheel applies immediately in perspective and orthographic Prepare 

    Test timeout of 30000ms exceeded.

    Error: locator.check: Test timeout of 30000ms exceeded.
    Call log:
      - waiting for getByRole('dialog', { name: 'Preferences' }).getByLabel('Reverse mouse zoom')


      18 | test('reverse mouse wheel applies immediately in perspective and orthographic Prepare',async({page})=>{
      19 |  const canvas=await open(page),before=await frame(canvas);await cameraWheel(page,canvas);const normal=await frame(canvas);expect(distance(normal)).toBeGreaterThan(distance(before));
    > 20 |  await preferences(page,dialog=>dialog.getByLabel('Reverse mouse zoom').check());await cameraWheel(page,canvas);expect(distance(await frame(canvas))).toBeLessThan(distance(normal));
         |                                                                         ^
      21 |  await page.locator('.scene-views').getByRole('button',{name:'Perspective',exact:true}).click();await gpuIdle(page,canvas);const ortho=await frame(canvas);expect(ortho.projection).toBe('Orthographic');await cameraWheel(page,canvas);expect((await frame(canvas)).projectionMatrix[0]).toBeGreaterThan(ortho.projectionMatrix[0]);
      22 | });
      23 | test('orbit speed clamps and commits on Enter or blur; invalid drafts preserve the existing camera setting',async({page})=>{
        at change (/private/tmp/orca-implementation/m39-camera-preferences-stage/tests/e2e/camera-preferences.spec.js:20:73)
        at preferences (/private/tmp/orca-implementation/m39-camera-preferences-stage/tests/fixtures/camera-browser.js:8:184)
        at /private/tmp/orca-implementation/m39-camera-preferences-stage/tests/e2e/camera-preferences.spec.js:20:2

    Error Context: test-results/m39-focused/camera-preferences-reverse-81a7e-ve-and-orthographic-Prepare/error-context.md

    attachment #2: trace (application/zip) ─────────────────────────────────────────────────────────
    test-results/m39-focused/camera-preferences-reverse-81a7e-ve-and-orthographic-Prepare/trace.zip
    Usage:

        npx playwright show-trace test-results/m39-focused/camera-preferences-reverse-81a7e-ve-and-orthographic-Prepare/trace.zip

    ────────────────────────────────────────────────────────────────────────────────────────────────

  3) tests/e2e/camera-preferences.spec.js:23:1 › orbit speed clamps and commits on Enter or blur; invalid drafts preserve the existing camera setting 

    Error: expect(locator).toHaveValue(expected) failed

    Locator: getByRole('dialog', { name: 'Preferences' }).getByLabel('Orbit speed multiplier')
    Expected: "1.0"
    Timeout: 5000ms
    Error: element(s) not found

    Call log:
      - Expect "toHaveValue" getByRole('dialog', { name: 'Preferences' }).getByLabel('Orbit speed multiplier') with timeout 5000ms
      - waiting for getByRole('dialog', { name: 'Preferences' }).getByLabel('Orbit speed multiplier')


      22 | });
      23 | test('orbit speed clamps and commits on Enter or blur; invalid drafts preserve the existing camera setting',async({page})=>{
    > 24 |  await open(page);await preferences(page,async dialog=>{const input=dialog.getByLabel('Orbit speed multiplier');await expect(input).toHaveValue('1.0');await input.fill('0');await input.press('Enter');await expect(input).toHaveValue('0.05');await input.fill('3');await input.press('Tab');await expect(input).toHaveValue('2.00');await input.fill('');await input.press('Tab');await expect(dialog.getByRole('alert')).toHaveText('Enter a number for orbit speed.');});
         |                                                                                                                                     ^
      25 |  expect(await page.evaluate(k=>JSON.parse(localStorage.getItem(k)).camera_orbit_mult,key)).toBe('2.00');await preferences(page,async dialog=>{await expect(dialog.getByLabel('Orbit speed multiplier')).toHaveValue('2.00');});
      26 | });
      27 | test('malformed camera preferences recover to native defaults and storage failures retain explicit session-only changes',async({page})=>{
        at change (/private/tmp/orca-implementation/m39-camera-preferences-stage/tests/e2e/camera-preferences.spec.js:24:133)
        at preferences (/private/tmp/orca-implementation/m39-camera-preferences-stage/tests/fixtures/camera-browser.js:8:184)
        at /private/tmp/orca-implementation/m39-camera-preferences-stage/tests/e2e/camera-preferences.spec.js:24:19

    Error Context: test-results/m39-focused/camera-preferences-orbit-s-ef099-the-existing-camera-setting/error-context.md

    attachment #2: trace (application/zip) ─────────────────────────────────────────────────────────
    test-results/m39-focused/camera-preferences-orbit-s-ef099-the-existing-camera-setting/trace.zip
    Usage:

        npx playwright show-trace test-results/m39-focused/camera-preferences-orbit-s-ef099-the-existing-camera-setting/trace.zip

    ────────────────────────────────────────────────────────────────────────────────────────────────

  4) tests/e2e/camera-preferences.spec.js:27:1 › malformed camera preferences recover to native defaults and storage failures retain explicit session-only changes 

    Error: expect(locator).toHaveValue(expected) failed

    Locator: getByRole('dialog', { name: 'Preferences' }).getByLabel('Middle Mouse Drag')
    Expected: "1"
    Timeout: 5000ms
    Error: element(s) not found

    Call log:
      - Expect "toHaveValue" getByRole('dialog', { name: 'Preferences' }).getByLabel('Middle Mouse Drag') with timeout 5000ms
      - waiting for getByRole('dialog', { name: 'Preferences' }).getByLabel('Middle Mouse Drag')


      27 | test('malformed camera preferences recover to native defaults and storage failures retain explicit session-only changes',async({page})=>{
      28 |  await page.addInitScript(k=>{localStorage.setItem(k,'{"version":9}');const original=Storage.prototype.setItem;Storage.prototype.setItem=function(name,value){if(name===k)throw new DOMException('Storage disabled','QuotaExceededError');return original.call(this,name,value);};},key);
    > 29 |  const canvas=await open(page);await preferences(page,async dialog=>{await expect(dialog.getByLabel('Middle Mouse Drag')).toHaveValue('1');await dialog.getByLabel('Reverse mouse zoom').check();await expect(dialog.getByRole('alert')).toHaveText('Camera controls changed for this session, but browser storage could not save them.');});
         |                                                                                                                           ^
      30 |  const before=await frame(canvas);await cameraWheel(page,canvas);expect(distance(await frame(canvas))).toBeLessThan(distance(before));
      31 | });
      32 | test('camera settings propagate to painting workspaces without converting a left brush stroke into a camera gesture',async({page})=>{
        at change (/private/tmp/orca-implementation/m39-camera-preferences-stage/tests/e2e/camera-preferences.spec.js:29:123)
        at preferences (/private/tmp/orca-implementation/m39-camera-preferences-stage/tests/fixtures/camera-browser.js:8:184)
        at /private/tmp/orca-implementation/m39-camera-preferences-stage/tests/e2e/camera-preferences.spec.js:29:32

    Error Context: test-results/m39-focused/camera-preferences-malform-3cd54-plicit-session-only-changes/error-context.md

    attachment #2: trace (application/zip) ─────────────────────────────────────────────────────────
    test-results/m39-focused/camera-preferences-malform-3cd54-plicit-session-only-changes/trace.zip
    Usage:

        npx playwright show-trace test-results/m39-focused/camera-preferences-malform-3cd54-plicit-session-only-changes/trace.zip

    ────────────────────────────────────────────────────────────────────────────────────────────────

  5) tests/e2e/camera-preferences.spec.js:32:1 › camera settings propagate to painting workspaces without converting a left brush stroke into a camera gesture 

    Test timeout of 30000ms exceeded.

    Error: locator.selectOption: Test timeout of 30000ms exceeded.
    Call log:
      - waiting for getByRole('dialog', { name: 'Preferences' }).getByLabel('Middle Mouse Drag')


      31 | });
      32 | test('camera settings propagate to painting workspaces without converting a left brush stroke into a camera gesture',async({page})=>{
    > 33 |  await open(page);await preferences(page,dialog=>dialog.getByLabel('Middle Mouse Drag').selectOption('2'));await page.getByRole('button',{name:'Paint supports',exact:true}).click();const dialog=page.getByRole('dialog',{name:'Paint facets'}),canvas=dialog.getByRole('img',{name:'Interactive 3D model view'});await gpuIdle(page,canvas);
         |                                                                                         ^
      34 |  const before=await frame(canvas);await cameraDrag(page,canvas,'middle');const rotated=await frame(canvas);expect(vectorDistance(rotated.position,before.position)).toBeGreaterThan(1);expect(vectorDistance(rotated.target,before.target)).toBeLessThan(1e-8);
      35 |  await dialog.getByRole('button',{name:'Top',exact:true}).click();await gpuIdle(page,canvas);const top=await frame(canvas),b=await canvas.boundingBox();await page.mouse.move(b.x+b.width*.5,b.y+b.height*.5);await page.mouse.down();await page.mouse.move(b.x+b.width*.5+8,b.y+b.height*.5,{steps:3});await page.mouse.up();await gpuIdle(page,canvas);expect(await frame(canvas)).toEqual(top);
      36 | });
        at change (/private/tmp/orca-implementation/m39-camera-preferences-stage/tests/e2e/camera-preferences.spec.js:33:89)
        at preferences (/private/tmp/orca-implementation/m39-camera-preferences-stage/tests/fixtures/camera-browser.js:8:184)
        at /private/tmp/orca-implementation/m39-camera-preferences-stage/tests/e2e/camera-preferences.spec.js:33:19

    Error Context: test-results/m39-focused/camera-preferences-camera--dca74-troke-into-a-camera-gesture/error-context.md

    attachment #2: trace (application/zip) ─────────────────────────────────────────────────────────
    test-results/m39-focused/camera-preferences-camera--dca74-troke-into-a-camera-gesture/trace.zip
    Usage:

        npx playwright show-trace test-results/m39-focused/camera-preferences-camera--dca74-troke-into-a-camera-gesture/trace.zip

    ────────────────────────────────────────────────────────────────────────────────────────────────

  6) tests/e2e/camera-preferences.spec.js:37:1 › Preview shares native middle pan and reverse wheel preferences across workspace remounts 

    Test timeout of 30000ms exceeded.

    Error: locator.check: Test timeout of 30000ms exceeded.
    Call log:
      - waiting for getByRole('dialog', { name: 'Preferences' }).getByLabel('Reverse mouse zoom')


      39 |  await page.route('**/api/jobs/camera-preview/download',route=>route.fulfill({contentType:'text/plain',body:'G21\nG90\nM82\nG92 X0 Y0 Z0 E0\n;LAYER_CHANGE\n;Z:0.2\nG1 Z0.2 F600\n;TYPE:Outer wall\nG1 X20 E1 F1200\nG1 Y20 E2\nG1 X0 E3\nG1 Y0 E4\n'}));
      40 |  await page.route('**/api/jobs/native-preview/capabilities',route=>route.fulfill({json:{available:false,error:'Source-only camera fixture'}}));
    > 41 |  await open(page);await preferences(page,dialog=>dialog.getByLabel('Reverse mouse zoom').check());await page.getByRole('button',{name:'Slice model',exact:true}).click();const canvas=page.getByRole('img',{name:'3D G-code toolpaths'});await gpuIdle(page,canvas);await expectPan(page,canvas);
         |                                                                                          ^
      42 |  const before=await frame(canvas);await cameraWheel(page,canvas);expect(distance(await frame(canvas))).toBeLessThan(distance(before));await page.getByRole('button',{name:'Prepare',exact:true}).click();await page.getByRole('button',{name:'Preview',exact:true}).click();await gpuIdle(page,canvas);await expectPan(page,canvas);
      43 | });
      44 |
        at change (/private/tmp/orca-implementation/m39-camera-preferences-stage/tests/e2e/camera-preferences.spec.js:41:90)
        at preferences (/private/tmp/orca-implementation/m39-camera-preferences-stage/tests/fixtures/camera-browser.js:8:184)
        at /private/tmp/orca-implementation/m39-camera-preferences-stage/tests/e2e/camera-preferences.spec.js:41:19

    Error Context: test-results/m39-focused/camera-preferences-Preview-9029a-s-across-workspace-remounts/error-context.md

    attachment #2: trace (application/zip) ─────────────────────────────────────────────────────────
    test-results/m39-focused/camera-preferences-Preview-9029a-s-across-workspace-remounts/trace.zip
    Usage:

        npx playwright show-trace test-results/m39-focused/camera-preferences-Preview-9029a-s-across-workspace-remounts/trace.zip

    ────────────────────────────────────────────────────────────────────────────────────────────────

  6 failed
    tests/e2e/camera-preferences.spec.js:9:1 › native default middle drag pans; remapped None and Rotate actions persist without changing project history 
    tests/e2e/camera-preferences.spec.js:18:1 › reverse mouse wheel applies immediately in perspective and orthographic Prepare 
    tests/e2e/camera-preferences.spec.js:23:1 › orbit speed clamps and commits on Enter or blur; invalid drafts preserve the existing camera setting 
    tests/e2e/camera-preferences.spec.js:27:1 › malformed camera preferences recover to native defaults and storage failures retain explicit session-only changes 
    tests/e2e/camera-preferences.spec.js:32:1 › camera settings propagate to painting workspaces without converting a left brush stroke into a camera gesture 
    tests/e2e/camera-preferences.spec.js:37:1 › Preview shares native middle pan and reverse wheel preferences across workspace remounts 
