
> orca-web@0.1.0 test:e2e
> playwright test --workers=2

[WebServer] (node:65288) Warning: The 'NO_COLOR' env is ignored due to the 'FORCE_COLOR' env being set.
[WebServer] (Use `node --trace-warnings ...` to show where the warning was created)

Running 349 tests using 2 workers

(node:65293) Warning: The 'NO_COLOR' env is ignored due to the 'FORCE_COLOR' env being set.
(Use `node --trace-warnings ...` to show where the warning was created)
(node:65292) Warning: The 'NO_COLOR' env is ignored due to the 'FORCE_COLOR' env being set.
(Use `node --trace-warnings ...` to show where the warning was created)
  ✓    1 tests/e2e/brim-ear-tools.spec.js:5:1 › automatic ears use native angle defaults, append without duplicates, resize selection, and undo/cancel atomically (2.0s)
  ✓    2 tests/e2e/advanced-painting.spec.js:7:1 › clipped view filters ray hits and overhang-only constraints block top painting (3.9s)
  ✓    3 tests/e2e/brim-ear-tools.spec.js:6:1 › canvas adds on model only, native diameter wheel/keyboard deletion work and section view clips the preview (3.2s)
  ✓    4 tests/e2e/advanced-painting.spec.js:12:1 › native gap-fill preview uses connected states and Undo restores exact imported subdivisions (3.2s)
  ✓    5 tests/e2e/brim-ear-tools.spec.js:7:1 › visible ear rectangles select and deselect; dragging and right-click removal have independent local undo (2.6s)
  ✓    6 tests/e2e/advanced-painting.spec.js:16:1 › current-subfacet and bucket controls preserve boundaries while invalid native brush radius leaves data unchanged (3.5s)
  ✓    8 tests/e2e/brim-ears.spec.js:2:1 › brim ears render at edited coordinates, export native metadata, cancel and undo atomically (3.2s)
  ✓    7 tests/e2e/brim-ear-tools.spec.js:11:1 › brim ghost hover, placement and selection redraw actual GPU output then remain idle (6.9s)
  ✓   10 tests/e2e/calibration-dialog.spec.js:15:1 › calibration dialog submits numeric user parameters and passes the prepared scene to its callback (251ms)
  ✓   11 tests/e2e/calibration-dialog.spec.js:24:1 › unsupported retraction preset combinations fail visibly without committing a scene (276ms)
  ✓   12 tests/e2e/calibration-dialog.spec.js:28:1 › native preparation errors remain visible without committing a calibration (255ms)
  ✓   13 tests/e2e/calibration-dialog.spec.js:36:1 › input shaping exposes native model selection and sends axis ranges without unused tower step fields (251ms)
  ✓   14 tests/e2e/calibration-dialog.spec.js:44:1 › damping mode supplies measured frequencies and native default range (257ms)
  ✓    9 tests/e2e/brush-strokes.spec.js:6:1 › a sparse pointer drag paints one continuous native capsule strip and keeps the support legend legible (2.4s)
  ✓   15 tests/e2e/calibration-dialog.spec.js:51:1 › input shaper choices follow the printer firmware and RepRap uses shared axes (295ms)
  ✓   17 tests/e2e/calibration-dialog.spec.js:59:1 › unsupported legacy firmware is visible and cannot generate input shaping (128ms)
  ✓   18 tests/e2e/calibration-dialog.spec.js:63:1 › cornering selects native SCV geometry and submits a continuous jerk range without a step (256ms)
  ✓   19 tests/e2e/calibration-dialog.spec.js:71:1 › positive Marlin junction deviation changes cornering defaults and visible units (128ms)
  ✓   20 tests/e2e/calibration-dialog.spec.js:76:1 › flow generation submits a native method and top pattern without tower parameters (230ms)
  ✓   21 tests/e2e/calibration-dialog.spec.js:83:1 › VFA exposes native band defaults, flow-limit and timing information, and submits a prepared tower (258ms)
  ✓   22 tests/e2e/calibration-dialog.spec.js:88:1 › maximum volumetric dialog sends native flow units/defaults and explains generated limits (235ms)
  ✓   23 tests/e2e/calibration-dialog.spec.js:94:1 › retraction dialog submits source defaults and exposes actual E and timing limitations (242ms)
  ✓   24 tests/e2e/calibration-dialog.spec.js:100:1 › PA line mode submits the native numbered-tab choice and explains the preview asset (209ms)
  ✓   25 tests/e2e/calibration-dialog.spec.js:104:1 › PA lines surface native template incompatibility without presenting ordinary geometry as a calibration (253ms)
  ✓   26 tests/e2e/calibration-dialog.spec.js:108:1 › PA pattern batch fields preserve typed separators and submit numeric-list inputs with native defaults (265ms)
  ✓   27 tests/e2e/calibration-dialog.spec.js:112:1 › an individual oversized PA pattern shows its bed constraint without replacing the scene (232ms)
  ✓   28 tests/e2e/calibration-result.spec.js:4:1 › flow result requires explicit specimen choice, shows computed value and saves a newly named preset (234ms)
  ✓   29 tests/e2e/calibration-result.spec.js:10:1 › expired flow results remain visible and do not select or save a guessed preset (231ms)
  ✓   30 tests/e2e/calibration-result.spec.js:14:1 › saving a measured result disables duplicate submission and dismissal until the mutation completes (164ms)
  ✓   31 tests/e2e/calibration-result.spec.js:19:422 › temperature result requires explicit bounded entry, explains native changes and saves its numeric value (228ms)
  ✓   32 tests/e2e/calibration-result.spec.js:19:422 › pressure-advance result requires explicit bounded entry, explains native changes and saves its numeric value (227ms)
  ✓   33 tests/e2e/calibration-result.spec.js:19:422 › pressure-advance-line result requires explicit bounded entry, explains native changes and saves its numeric value (245ms)
  ✓   34 tests/e2e/calibration-result.spec.js:19:422 › pressure-advance-pattern result requires explicit bounded entry, explains native changes and saves its numeric value (317ms)
  ✓   35 tests/e2e/calibration-result.spec.js:19:422 › retraction result requires explicit bounded entry, explains native changes and saves its numeric value (337ms)
  ✓   36 tests/e2e/calibration-result.spec.js:19:422 › max-volumetric-speed result requires explicit bounded entry, explains native changes and saves its numeric value (263ms)
  ✓   37 tests/e2e/calibration-result.spec.js:22:1 › unsupported calibration results never invent a value or enable saving (111ms)
  ✘   16 tests/e2e/calibration-project-export.spec.js:10:1 › native calibration export sends exact token/IDs/objects and downloads all four generated command layers (5.6s)
(node:65365) Warning: The 'NO_COLOR' env is ignored due to the 'FORCE_COLOR' env being set.
(Use `node --trace-warnings ...` to show where the warning was created)
  ✓   38 tests/e2e/calibration.spec.js:7:1 › retraction is available and rejected calibration requests leave the scene intact (989ms)
  ✘   40 tests/e2e/calibration-project-export.spec.js:11:1 › expired native calibration export fails visibly without falling back to handle-only geometry (5.6s)
(node:65380) Warning: The 'NO_COLOR' env is ignored due to the 'FORCE_COLOR' env being set.
(Use `node --trace-warnings ...` to show where the warning was created)
  ✓   39 tests/e2e/camera-fit-orientation.spec.js:10:56 › Prepare Fit and Zoom to bed preserve the current Perspective viewing axes and Undo history (9.5s)
  ✘   41 tests/e2e/calibration-project-export.spec.js:12:1 › ordinary JSON save remains a scene file and explains calibration token persistence limits (5.6s)
(node:65418) Warning: The 'NO_COLOR' env is ignored due to the 'FORCE_COLOR' env being set.
(Use `node --trace-warnings ...` to show where the warning was created)
  ✓   42 tests/e2e/camera-fit-orientation.spec.js:10:56 › Prepare Fit and Zoom to bed preserve the current Orthographic viewing axes and Undo history (10.0s)
  ✓   43 tests/e2e/camera-preferences.spec.js:9:1 › native default middle drag pans; remapped None and Rotate actions persist without changing project history (10.8s)
  ✓   45 tests/e2e/camera-preferences.spec.js:19:1 › reverse mouse wheel applies immediately in perspective and orthographic Prepare (3.2s)
  ✓   46 tests/e2e/camera-preferences.spec.js:24:1 › orbit speed clamps and commits on Enter or blur; invalid drafts preserve the existing camera setting (1.4s)
  ✓   44 tests/e2e/camera-fit-orientation.spec.js:15:1 › Fit toolpaths preserves a user orbit and pan while fitting the visible preview without slicing again (9.0s)
  ✓   47 tests/e2e/camera-preferences.spec.js:28:1 › malformed camera preferences recover to native defaults and storage failures retain explicit session-only changes (1.7s)
  ✓   48 tests/e2e/cut-connectors.spec.js:4:1 › connector editor creates native plug and hole parts, preserves save/load and undo (4.0s)
  ✓   50 tests/e2e/cut-connectors.spec.js:8:1 › dowels become separate bed-contact groups; invalid connector edits block application (4.2s)
  ✓   49 tests/e2e/camera-preferences.spec.js:33:1 › camera settings propagate to painting workspaces without converting a left brush stroke into a camera gesture (7.0s)
  ✓   51 tests/e2e/cut-connectors.spec.js:11:1 › repeated cut synchronizes existing family peers atomically and preserves painting consent (3.4s)
  ✓   53 tests/e2e/cut-to-parts.spec.js:11:1 › ordinary Cut to parts keeps one native object, clears incompatible controls and applies one reversible transaction (2.8s)
  ✓   52 tests/e2e/camera-preferences.spec.js:38:1 › Preview shares native middle pan and reverse wheel preferences across workspace remounts (9.4s)
  ✓   54 tests/e2e/cut-to-parts.spec.js:12:1 › linked Cut to parts retains uncut helpers once per instance and exports one shared native family (4.0s)
  ✓   55 tests/e2e/camera-preferences.spec.js:46:37 › Preferences has an opaque, legible light surface and usable controls at compact sizes (950ms)
  ✓   57 tests/e2e/camera-preferences.spec.js:46:37 › Preferences has an opaque, legible dark surface and usable controls at compact sizes (988ms)
  ✓   56 tests/e2e/cut-to-parts.spec.js:13:1 › connectors and dovetail disable Cut to parts; missing native helper refuses an ordinary combined cut without edits (2.6s)
  ✓   59 tests/e2e/devices.spec.js:24:1 › connection form saves typed configuration and preserves a stored API key when editing (952ms)
  ✓   58 tests/e2e/cut.spec.js:10:1 › cut preview shows real closed halves, applies placement and supports undo (2.4s)
  ✓   60 tests/e2e/devices.spec.js:42:1 › uploads and print starts show target and job details and require the chosen confirmation (1.2s)
  ✓   62 tests/e2e/devices.spec.js:62:1 › status capabilities and active print state gate motion, heaters, pause and resume (1.0s)
  ✓   61 tests/e2e/cut.spec.js:22:1 › invalid cut planes block apply, and custom normal can retain one real capped side (2.1s)
  ✓   63 tests/e2e/devices.spec.js:79:1 › failed status disables commands and deleting a connection needs confirmation (1.0s)
  ✓   64 tests/e2e/cut.spec.js:29:1 › native grouped cut keeps negative and modifier parts with matching object overrides on both halves (2.1s)
