[WebServer] (node:75872) Warning: The 'NO_COLOR' env is ignored due to the 'FORCE_COLOR' env being set.
[WebServer] (Use `node --trace-warnings ...` to show where the warning was created)

Running 22 tests using 2 workers

(node:75876) Warning: The 'NO_COLOR' env is ignored due to the 'FORCE_COLOR' env being set.
(Use `node --trace-warnings ...` to show where the warning was created)
(node:75877) Warning: The 'NO_COLOR' env is ignored due to the 'FORCE_COLOR' env being set.
(Use `node --trace-warnings ...` to show where the warning was created)
  ✓   1 tests/e2e/graphics-preferences.spec.js:6:1 › native FPS limits, keyboard commits and overlay persist without adding a model Undo step (2.0s)
  ✓   2 tests/e2e/camera-preferences.spec.js:9:1 › native default middle drag pans; remapped None and Rotate actions persist without changing project history (11.6s)
  ✓   3 tests/e2e/graphics-preferences.spec.js:10:1 › Prepare caps actual GPU frame submissions, samples FPS and remains idle; unlimited changes take effect immediately (10.4s)
  ✓   4 tests/e2e/camera-preferences.spec.js:19:1 › reverse mouse wheel applies immediately in perspective and orthographic Prepare (4.7s)
  ✓   6 tests/e2e/camera-preferences.spec.js:24:1 › orbit speed clamps and commits on Enter or blur; invalid drafts preserve the existing camera setting (1.4s)
  ✓   7 tests/e2e/camera-preferences.spec.js:28:1 › malformed camera preferences recover to native defaults and storage failures retain explicit session-only changes (1.7s)
  ✓   5 tests/e2e/graphics-preferences.spec.js:14:1 › painting canvases inherit the limit and overlay and release their render timers on closing (9.2s)
  ✓   9 tests/e2e/graphics-preferences.spec.js:17:1 › stored native cap normalization and failed storage retain an explicit session-only graphics change (1.1s)
  ✓  10 tests/e2e/graphics-preferences.spec.js:20:1 › native pointer arrows commit immediately in the app and persist without a project Undo entry (1.8s)
  ✓  11 tests/e2e/native-display-preferences.spec.js:4:1 › native Units labels apply immediately, persist after reload, and leave project settings intact (1.3s)
  ✓  12 tests/e2e/native-display-preferences.spec.js:13:1 › invalid stored Units fall back to metric and storage failures retain a visible session-only change (763ms)
  ✓   8 tests/e2e/camera-preferences.spec.js:33:1 › camera settings propagate to painting workspaces without converting a left brush stroke into a camera gesture (7.9s)
  ✓  13 tests/e2e/native-display-preferences.spec.js:17:1 › Preferences shortcut respects focused text inputs and an already open dialog (743ms)
  ✓  15 tests/e2e/native-preference-spin.spec.js:8:1 › native FPS arrow presses use the committed value while keyboard arrows use the current draft (390ms)
  ✓  16 tests/e2e/native-preference-spin.spec.js:9:1 › native held arrows wait400ms then repeat every100ms and retain pointer capture until release (188ms)
  ✓  17 tests/e2e/native-preference-spin.spec.js:10:1 › loss of focus and dialog disposal stop held repeats without later preference changes (240ms)
  ✓  18 tests/e2e/native-preference-spin.spec.js:11:1 › native orbit text and FPS spin fields do not add browser-native wheel stepping (226ms)
  ✓  19 tests/e2e/prime-tower-fit-lifecycle.spec.js:14:43 › Fit uses newly committed tower geometry before passive effects replace the ready scene (598ms)
  ✓  20 tests/e2e/prime-tower-fit-lifecycle.spec.js:14:43 › Fit uses newly committed tower geometry before passive effects replace the loading scene (777ms)
  ✓  14 tests/e2e/camera-preferences.spec.js:38:1 › Preview shares native middle pan and reverse wheel preferences across workspace remounts (9.1s)
  ✓  21 tests/e2e/camera-preferences.spec.js:46:37 › Preferences has an opaque, legible light surface and usable controls at compact sizes (912ms)
  ✓  22 tests/e2e/camera-preferences.spec.js:46:37 › Preferences has an opaque, legible dark surface and usable controls at compact sizes (931ms)

  22 passed (39.6s)
