[WebServer] (node:85568) Warning: The 'NO_COLOR' env is ignored due to the 'FORCE_COLOR' env being set.
[WebServer] (Use `node --trace-warnings ...` to show where the warning was created)

Running 33 tests using 2 workers

(node:85574) Warning: The 'NO_COLOR' env is ignored due to the 'FORCE_COLOR' env being set.
(Use `node --trace-warnings ...` to show where the warning was created)
(node:85575) Warning: The 'NO_COLOR' env is ignored due to the 'FORCE_COLOR' env being set.
(Use `node --trace-warnings ...` to show where the warning was created)
  ✓   1 tests/e2e/home-workspace.spec.js:10:1 › native Home is the startup default; saved page choices apply only at the next startup (1.8s)
  ✓   2 tests/e2e/import-transaction.spec.js:27:1 › same-project reload blocks edits until the catalog commits, then Drop and Undo preserve the new edit (2.6s)
  ✓   3 tests/e2e/home-workspace.spec.js:11:1 › Home navigation preserves edited geometry and Undo without reloading the page (1.4s)
  ✓   4 tests/e2e/import-transaction.spec.js:38:1 › cancelled catalog restoration keeps edits, history and preset readiness after the late response (1.7s)
  ✓   5 tests/e2e/home-workspace.spec.js:12:1 › Home New project retains the existing discard decision and cancel leaves the old project intact (1.2s)
  ✓   7 tests/e2e/home-workspace.spec.js:13:1 › Home Open project invokes the real file chooser and an invalid file preserves existing geometry (1.4s)
  ✓   8 tests/e2e/home-workspace.spec.js:14:1 › invalid startup storage falls back to Home and failed writes explain the next launch behavior (431ms)
  ✓   9 tests/e2e/home-workspace.spec.js:15:37 › native Home action assets and compact light layout are readable and keyboard operable (654ms)
  ✓  10 tests/e2e/home-workspace.spec.js:15:37 › native Home action assets and compact dark layout are readable and keyboard operable (668ms)
  ✓   6 tests/e2e/import-transaction.spec.js:50:1 › failed catalog restoration preserves the previous catalog, project and dirty state (3.5s)
  ✓  11 tests/e2e/native-preference-spin.spec.js:8:1 › native FPS arrow presses use the committed value while keyboard arrows use the current draft (521ms)
  ✓  13 tests/e2e/native-preference-spin.spec.js:9:1 › native held arrows wait400ms then repeat every100ms and retain pointer capture until release (345ms)
  ✓  14 tests/e2e/native-preference-spin.spec.js:10:1 › loss of focus and dialog disposal stop held repeats without later preference changes (431ms)
  ✓  15 tests/e2e/native-preference-spin.spec.js:11:1 › native orbit text and FPS spin fields do not add browser-native wheel stepping (345ms)
  ✓  12 tests/e2e/import-transaction.spec.js:64:1 › Escape cancels a native project upload and its late response cannot replace the current project (1.7s)
  ✓  17 tests/e2e/import-transaction.spec.js:74:1 › cancelled local model read cannot append geometry after a subsequent import completes (1.5s)
  ✓  18 tests/e2e/import-transaction.spec.js:86:1 › cancelling Open from Preview preserves the completed job and its download (2.0s)
  ✓  19 tests/e2e/import-transaction.spec.js:98:1 › a cancelled local read failure cannot replace the status of a later successful import (1.5s)
  ✓  20 tests/e2e/recent-store.spec.js:4:1 › concurrent writers preserve both copies and atomically prune to the latest persisted limit (919ms)
  ✓  16 tests/e2e/recent-files.spec.js:7:1 › recent projects preserve MRU order, deduplicate identical copies and reopen the saved geometry after reload (6.4s)
  ✓  21 tests/e2e/recent-store.spec.js:5:1 › a failed pruning transaction retains the previous preference and every copy (606ms)
  ✓  23 tests/e2e/recent-store.spec.js:6:1 › same-name different content remains distinguishable; tampered same-size payloads fail integrity checks (868ms)
  ✓  24 tests/e2e/recent-store.spec.js:7:1 › damaged metadata is isolated, Clear all removes hidden entries and unavailable storage rejects explicitly (563ms)
  ✓  22 tests/e2e/recent-files.spec.js:8:1 › history preferences prune immediately, persist, disable at zero and stay outside model Undo (6.1s)
  ✓  25 tests/e2e/recent-files.spec.js:9:1 › per-item removal and File-menu reopen operate on the same persisted recent history (5.1s)
  ✓  26 tests/e2e/recent-files.spec.js:10:1 › STL and STEP recent imports are opt-in; reopening a model appends real geometry (2.5s)
  ✓  27 tests/e2e/recent-files.spec.js:11:1 › invalid and cancelled project opens never enter history or replace the current project (1.6s)
  ✓  28 tests/e2e/recent-files.spec.js:12:1 › failed recent-copy writes leave the imported project usable and roll back its metadata (3.1s)
  ✓  29 tests/e2e/recent-files.spec.js:13:1 › missing recent copies report a recoverable error without discarding edited geometry (2.8s)
  ✓  30 tests/e2e/recent-files.spec.js:14:1 › another tab receives recent changes and compact cards remain keyboard operable (3.7s)
  ✓  31 tests/e2e/recent-files.spec.js:15:1 › cancel during recent-copy verification preserves current edits and does not reopen after delayed work completes (2.8s)
  ✓  32 tests/e2e/recent-files.spec.js:16:1 › dark recent cards and Clear all use installed native dimensions and colors (2.1s)
  ✓  33 tests/e2e/recent-files.spec.js:17:1 › unavailable storage reports a specific limitation and a failed opt-in returns to its previous state (864ms)

  33 passed (48.5s)
