[WebServer] (node:90983) Warning: The 'NO_COLOR' env is ignored due to the 'FORCE_COLOR' env being set.
[WebServer] (Use `node --trace-warnings ...` to show where the warning was created)

Running 40 tests using 2 workers

(node:90989) Warning: The 'NO_COLOR' env is ignored due to the 'FORCE_COLOR' env being set.
(Use `node --trace-warnings ...` to show where the warning was created)
(node:90988) Warning: The 'NO_COLOR' env is ignored due to the 'FORCE_COLOR' env being set.
(Use `node --trace-warnings ...` to show where the warning was created)
  ✓   1 tests/e2e/home-workspace.spec.js:10:1 › native Home is the startup default; saved page choices apply only at the next startup (1.3s)
  ✓   2 tests/e2e/import-transaction.spec.js:27:1 › same-project reload blocks edits until the catalog commits, then Drop and Undo preserve the new edit (2.2s)
  ✓   3 tests/e2e/home-workspace.spec.js:11:1 › Home navigation preserves edited geometry and Undo without reloading the page (1.5s)
  ✓   5 tests/e2e/home-workspace.spec.js:12:1 › Home New project retains the existing discard decision and cancel leaves the old project intact (1.2s)
  ✓   4 tests/e2e/import-transaction.spec.js:38:1 › cancelled catalog restoration keeps edits, history and preset readiness after the late response (1.9s)
  ✓   6 tests/e2e/home-workspace.spec.js:13:1 › Home Open project invokes the real file chooser and an invalid file preserves existing geometry (1.6s)
  ✓   8 tests/e2e/home-workspace.spec.js:14:1 › invalid startup storage falls back to Home and failed writes explain the next launch behavior (494ms)
  ✓   9 tests/e2e/home-workspace.spec.js:15:37 › native Home action assets and compact light layout are readable and keyboard operable (606ms)
  ✓  10 tests/e2e/home-workspace.spec.js:15:37 › native Home action assets and compact dark layout are readable and keyboard operable (657ms)
  ✓   7 tests/e2e/import-transaction.spec.js:50:1 › failed catalog restoration preserves the previous catalog, project and dirty state (3.6s)
  ✓  11 tests/e2e/importers.spec.js:4:1 › SVG extrusion options produce real dimensions and geometry that survive project saving (1.2s)
  ✓  12 tests/e2e/import-transaction.spec.js:64:1 › Escape cancels a native project upload and its late response cannot replace the current project (1.3s)
  ✓  13 tests/e2e/importers.spec.js:17:1 › STEP production worker loads the local OpenCascade WASM and creates editable geometry (1.4s)
  ✓  15 tests/e2e/native-preference-spin.spec.js:8:1 › native FPS arrow presses use the committed value while keyboard arrows use the current draft (488ms)
  ✓  14 tests/e2e/import-transaction.spec.js:74:1 › cancelled local model read cannot append geometry after a subsequent import completes (1.7s)
  ✓  16 tests/e2e/native-preference-spin.spec.js:9:1 › native held arrows wait400ms then repeat every100ms and retain pointer capture until release (297ms)
  ✓  18 tests/e2e/native-preference-spin.spec.js:10:1 › loss of focus and dialog disposal stop held repeats without later preference changes (310ms)
  ✓  19 tests/e2e/native-preference-spin.spec.js:11:1 › native orbit text and FPS spin fields do not add browser-native wheel stepping (328ms)
  ✓  17 tests/e2e/import-transaction.spec.js:86:1 › cancelling Open from Preview preserves the completed job and its download (2.2s)
  ✓  20 tests/e2e/project-load-preferences.spec.js:6:1 › native Ask When Relevant is the default and all four choices persist (1.5s)
  ✓  22 tests/e2e/project-load-preferences.spec.js:7:1 › adding a 3MF to an empty plate opens its embedded presets under the default policy (1.1s)
  ✓  21 tests/e2e/import-transaction.spec.js:98:1 › a cancelled local read failure cannot replace the status of a later successful import (1.4s)
  ✓  23 tests/e2e/project-load-preferences.spec.js:8:1 › adding a 3MF to existing geometry asks, defaults to geometry, cancels cleanly and appends without changing presets (1.3s)
  ✓  25 tests/e2e/project-load-preferences.spec.js:9:1 › Always Ask explicit Open chooses native project settings only after approval, and Escape preserves the scene (1.3s)
  ✓  26 tests/e2e/project-load-preferences.spec.js:10:1 › explicit geometry-only Open replaces old geometry after discard and keeps the selected print settings (1.4s)
  ✓  27 tests/e2e/project-load-preferences.spec.js:11:1 › Load All replaces through the existing discard transaction when adding a project to edited geometry (1.3s)
  ✓  24 tests/e2e/recent-files.spec.js:7:1 › recent projects preserve MRU order, deduplicate identical copies and reopen the saved geometry after reload (6.0s)
  ✓  28 tests/e2e/project-load-preferences.spec.js:12:1 › corrupt load preferences recover to native defaults and denied writes retain explicit session behavior (1.5s)
  ✓  30 tests/e2e/project-load-preferences.spec.js:13:1 › cancelling a delayed geometry-only Open leaves the previous model unchanged after reading finishes (1.4s)
  ✓  31 tests/e2e/project-load-preferences.spec.js:14:1 › explicit Open under Ask When Relevant uses the discard choice without presenting an Add-only load prompt (1.2s)
  ✓  29 tests/e2e/recent-files.spec.js:8:1 › history preferences prune immediately, persist, disable at zero and stay outside model Undo (6.1s)
  ✓  32 tests/e2e/recent-files.spec.js:9:1 › per-item removal and File-menu reopen operate on the same persisted recent history (4.2s)
  ✓  33 tests/e2e/recent-files.spec.js:10:1 › STL and STEP recent imports are opt-in; reopening a model appends real geometry (2.2s)
  ✓  34 tests/e2e/recent-files.spec.js:11:1 › invalid and cancelled project opens never enter history or replace the current project (1.6s)
  ✓  35 tests/e2e/recent-files.spec.js:12:1 › failed recent-copy writes leave the imported project usable and roll back its metadata (2.5s)
  ✓  36 tests/e2e/recent-files.spec.js:13:1 › missing recent copies report a recoverable error without discarding edited geometry (2.5s)
  ✓  37 tests/e2e/recent-files.spec.js:14:1 › another tab receives recent changes and compact cards remain keyboard operable (3.5s)
  ✓  38 tests/e2e/recent-files.spec.js:15:1 › cancel during recent-copy verification preserves current edits and does not reopen after delayed work completes (2.8s)
  ✓  39 tests/e2e/recent-files.spec.js:16:1 › dark recent cards and Clear all use installed native dimensions and colors (2.1s)
  ✓  40 tests/e2e/recent-files.spec.js:17:1 › unavailable storage reports a specific limitation and a failed opt-in returns to its previous state (831ms)

  40 passed (49.8s)
