
> orca-web@0.1.0 test:e2e:native
> playwright test --config playwright.native.config.js tests/native-e2e/multipart-import.spec.js

[WebServer] (node:3658) Warning: The 'NO_COLOR' env is ignored due to the 'FORCE_COLOR' env being set.
[WebServer] (Use `node --trace-warnings ...` to show where the warning was created)

Running 2 tests using 1 worker

(node:3719) Warning: The 'NO_COLOR' env is ignored due to the 'FORCE_COLOR' env being set.
(Use `node --trace-warnings ...` to show where the warning was created)
  ✓  1 tests/native-e2e/multipart-import.spec.js:7:34 › native multipart Yes exports native grouping and slices at the actual retained height (5.1s)
  ✘  2 tests/native-e2e/multipart-import.spec.js:7:34 › native multipart No exports native grouping and slices at the actual retained height (1.6m)


  1) tests/native-e2e/multipart-import.spec.js:7:34 › native multipart No exports native grouping and slices at the actual retained height 

    Error: expect(locator).toBeVisible() failed

    Locator: getByText('Ready to print')
    Expected: visible
    Timeout: 90000ms
    Error: element(s) not found

    Call log:
      - Expect "toBeVisible" getByText('Ready to print') with timeout 90000ms
      - waiting for getByText('Ready to print')


      5 | import {sceneBounds,meshBounds} from '../../shared/geometry.js';
      6 | const current=new URL('../fixtures/native-gui-cube-2.4.2.3mf',import.meta.url).pathname;
    > 7 | for(const choice of ['Yes','No'])test(`native multipart ${choice} exports native grouping and slices at the actual retained height`,async({page,request},info)=>{expect((await(await request.get('/api/health')).json()).engine.version).toBe('OrcaSlicer-2.4.2');await page.goto('/');await page.getByLabel('Open Orca Web project').setInputFiles(current);await expect(page.getByText('Embedded native presets',{exact:true})).toBeVisible();await page.getByRole('button',{name:'Preferences',exact:true}).click();const preferences=page.getByRole('dialog',{name:'Preferences'});await preferences.getByLabel('Load behaviour').selectOption('load_geometry_only');await preferences.getByRole('button',{name:'Close',exact:true}).click();await page.getByLabel('Open Orca Web project').setInputFiles({name:'Stack.3mf',mimeType:'model/3mf',buffer:Buffer.from(exportNative3MF(multipartFixture()))});await page.getByRole('dialog',{name:'Multi-part object detected'}).getByRole('button',{name:choice,exact:true}).click();await expect(page.locator('[data-tree-kind="object"]')).toHaveCount(choice==='Yes'?1:2);await page.screenshot({path:info.outputPath(`native-multipart-${choice.toLowerCase()}.png`)});await page.getByRole('button',{name:'Project',exact:true}).click();const download=page.waitForEvent('download');await page.getByRole('button',{name:'Export native project',exact:true}).click();const p=importNative3MF(await readFile(await(await download).path()));expect(p.objects).toHaveLength(2);expect(new Set(p.objects.map(o=>o.native.groupId)).size).toBe(choice==='Yes'?1:2);expect(sceneBounds(p.objects).size[2]).toBe(choice==='Yes'?40:20);expect(p.nativeSettings.layer_height).toBe('0.16');if(choice==='No')expect(p.objects.map(o=>meshBounds(o).min[2])).toEqual([0,0]);await page.getByRole('button',{name:'Prepare',exact:true}).click();await page.getByRole('button',{name:'Slice model',exact:true}).click();await expect(page.getByText('Ready to print')).toBeVisible({timeout:90000});const pending=page.waitForEvent('download');await page.getByRole('link',{name:/Download G-code/}).click();const code=await readFile(await(await pending).path(),'utf8');expect(code).toContain('generated by OrcaSlicer');expect(code).toMatch(choice==='Yes'?/^; total layer number: 250$/m:/^; total layer number: 125$/m);});
        |                                                                                                                                                                                                                                                                                                                                                                                                                                                                                                                                                                                                                                                                                                                                                                                                                                                                                                                                                                                                                                                                                                                                                                                                                                                                                                                                                                                                                                                                                                                                                                                                                                                                                                                                                                                                                                                                                                                                                                                                                      ^
      8 |
        at /private/tmp/orca-implementation/m47-multipart-import-stage/tests/native-e2e/multipart-import.spec.js:7:1942

    Error Context: test-results/native-browser/multipart-import-native-mu-e2ec7--the-actual-retained-height/error-context.md

    attachment #2: trace (application/zip) ─────────────────────────────────────────────────────────
    test-results/native-browser/multipart-import-native-mu-e2ec7--the-actual-retained-height/trace.zip
    Usage:

        npx playwright show-trace test-results/native-browser/multipart-import-native-mu-e2ec7--the-actual-retained-height/trace.zip

    ────────────────────────────────────────────────────────────────────────────────────────────────

  1 failed
    tests/native-e2e/multipart-import.spec.js:7:34 › native multipart No exports native grouping and slices at the actual retained height 
  1 passed (1.8m)
