[WebServer] (node:9694) Warning: The 'NO_COLOR' env is ignored due to the 'FORCE_COLOR' env being set.
[WebServer] (Use `node --trace-warnings ...` to show where the warning was created)

Running 7 tests using 1 worker

(node:9713) Warning: The 'NO_COLOR' env is ignored due to the 'FORCE_COLOR' env being set.
(Use `node --trace-warnings ...` to show where the warning was created)
  ✓  1 tests/e2e/multipart-import.spec.js:13:1 › native multipart Yes retains relative heights as one model, preserves current presets and participates in one Undo (1.7s)
  ✓  2 tests/e2e/multipart-import.spec.js:14:37 › multipart No keeps separate objects and grounds each independently (1.1s)
  ✓  3 tests/e2e/multipart-import.spec.js:14:37 › multipart Escape keeps separate objects and grounds each independently (1.1s)
  ✓  4 tests/e2e/multipart-import.spec.js:15:1 › explicit geometry Open asks discard before multipart, then exports one two-volume object at full height (1.4s)
  ✓  5 tests/e2e/multipart-import.spec.js:16:1 › linked instances and an existing multi-volume model do not trigger the multipart object question (1.1s)
  ✘  6 tests/e2e/multipart-import.spec.js:17:37 › multipart light dialog uses native warning dimensions, choice buttons and fits compact windows (30.1s)
(node:10054) Warning: The 'NO_COLOR' env is ignored due to the 'FORCE_COLOR' env being set.
(Use `node --trace-warnings ...` to show where the warning was created)
  ✘  7 tests/e2e/multipart-import.spec.js:17:37 › multipart dark dialog uses native warning dimensions, choice buttons and fits compact windows (30.1s)


  1) tests/e2e/multipart-import.spec.js:17:37 › multipart light dialog uses native warning dimensions, choice buttons and fits compact windows 

    Test timeout of 30000ms exceeded.

    Error: locator.click: Test timeout of 30000ms exceeded.
    Call log:
      - waiting for getByRole('button', { name: 'Preferences', exact: true })


       9 | const file=(p=multipartFixture())=>({name:'Stack.3mf',mimeType:'model/3mf',buffer:Buffer.from(exportNative3MF(p))});
      10 | const dialog=p=>p.getByRole('dialog',{name:'Multi-part object detected'});
    > 11 | async function start(page){await page.goto('/');await expect(page.getByLabel('Layer height',{exact:true})).toBeEnabled();await page.getByRole('button',{name:'Preferences',exact:true}).click();const d=page.getByRole('dialog',{name:'Preferences'});await d.getByLabel('Load behaviour').selectOption('load_geometry_only');await d.getByRole('button',{name:'Close',exact:true}).click();}
         |                                                                                                                                                                                         ^
      12 | async function save(page){const pending=page.waitForEvent('download');await page.getByRole('button',{name:'Save project',exact:true}).click();return parseProject(await readFile(await(await pending).path(),'utf8'));}
      13 | test('native multipart Yes retains relative heights as one model, preserves current presets and participates in one Undo',async({page},info)=>{await start(page);await page.getByLabel('Layer height',{exact:true}).fill('0.25');await page.getByLabel('Choose a 3D model').setInputFiles(cube);await page.getByLabel('Choose a 3D model').setInputFiles(file());await expect(dialog(page)).toContainText('several objects positioned at multiple heights');await expect(page.getByRole('dialog')).toHaveCount(1);await expect(page.getByLabel('position X',{exact:true})).toBeDisabled();await page.keyboard.press('Control+z');await expect(page.locator('[data-tree-kind="object"]')).toHaveCount(1);await page.screenshot({path:info.outputPath('native-multipart-choice.png')});await dialog(page).getByRole('button',{name:'Yes',exact:true}).click();await expect(page.locator('[data-tree-kind="object"]')).toHaveCount(2);const p=await save(page),added=p.objects.slice(1);expect(added).toHaveLength(2);expect(new Set(added.map(o=>o.native.groupId)).size).toBe(1);expect(sceneBounds(added).size[2]).toBe(40);expect(added.map(o=>o.name)).toEqual(['Bottom','Top']);expect(p.overrides.layer_height).toBe('0.25');await page.getByRole('button',{name:'Undo',exact:true}).click();await expect(page.locator('[data-tree-kind="object"]')).toHaveCount(1);await page.getByRole('button',{name:'Redo',exact:true}).click();await expect(page.locator('[data-tree-kind="object"]')).toHaveCount(2);});
      14 | for(const action of ['No','Escape'])test(`multipart ${action} keeps separate objects and grounds each independently`,async({page})=>{await start(page);await page.getByLabel('Choose a 3D model').setInputFiles(file());await expect(dialog(page)).toBeVisible();if(action==='Escape')await page.keyboard.press('Escape');else await dialog(page).getByRole('button',{name:'No',exact:true}).click();await expect(page.locator('[data-tree-kind="object"]')).toHaveCount(2);const p=await save(page);expect(p.objects).toHaveLength(2);expect(new Set(p.objects.map(o=>o.native.groupId)).size).toBe(2);expect(p.objects.map(o=>meshBounds(o).min[2])).toEqual([0,0]);});
        at start (/private/tmp/orca-implementation/m47-multipart-import-stage/tests/e2e/multipart-import.spec.js:11:185)
        at /private/tmp/orca-implementation/m47-multipart-import-stage/tests/e2e/multipart-import.spec.js:17:298

    Error Context: test-results/m47-focused/multipart-import-multipart-8b333-ns-and-fits-compact-windows/error-context.md

    attachment #2: trace (application/zip) ─────────────────────────────────────────────────────────
    test-results/m47-focused/multipart-import-multipart-8b333-ns-and-fits-compact-windows/trace.zip
    Usage:

        npx playwright show-trace test-results/m47-focused/multipart-import-multipart-8b333-ns-and-fits-compact-windows/trace.zip

    ────────────────────────────────────────────────────────────────────────────────────────────────

  2) tests/e2e/multipart-import.spec.js:17:37 › multipart dark dialog uses native warning dimensions, choice buttons and fits compact windows 

    Test timeout of 30000ms exceeded.

    Error: locator.click: Test timeout of 30000ms exceeded.
    Call log:
      - waiting for getByRole('button', { name: 'Preferences', exact: true })


       9 | const file=(p=multipartFixture())=>({name:'Stack.3mf',mimeType:'model/3mf',buffer:Buffer.from(exportNative3MF(p))});
      10 | const dialog=p=>p.getByRole('dialog',{name:'Multi-part object detected'});
    > 11 | async function start(page){await page.goto('/');await expect(page.getByLabel('Layer height',{exact:true})).toBeEnabled();await page.getByRole('button',{name:'Preferences',exact:true}).click();const d=page.getByRole('dialog',{name:'Preferences'});await d.getByLabel('Load behaviour').selectOption('load_geometry_only');await d.getByRole('button',{name:'Close',exact:true}).click();}
         |                                                                                                                                                                                         ^
      12 | async function save(page){const pending=page.waitForEvent('download');await page.getByRole('button',{name:'Save project',exact:true}).click();return parseProject(await readFile(await(await pending).path(),'utf8'));}
      13 | test('native multipart Yes retains relative heights as one model, preserves current presets and participates in one Undo',async({page},info)=>{await start(page);await page.getByLabel('Layer height',{exact:true}).fill('0.25');await page.getByLabel('Choose a 3D model').setInputFiles(cube);await page.getByLabel('Choose a 3D model').setInputFiles(file());await expect(dialog(page)).toContainText('several objects positioned at multiple heights');await expect(page.getByRole('dialog')).toHaveCount(1);await expect(page.getByLabel('position X',{exact:true})).toBeDisabled();await page.keyboard.press('Control+z');await expect(page.locator('[data-tree-kind="object"]')).toHaveCount(1);await page.screenshot({path:info.outputPath('native-multipart-choice.png')});await dialog(page).getByRole('button',{name:'Yes',exact:true}).click();await expect(page.locator('[data-tree-kind="object"]')).toHaveCount(2);const p=await save(page),added=p.objects.slice(1);expect(added).toHaveLength(2);expect(new Set(added.map(o=>o.native.groupId)).size).toBe(1);expect(sceneBounds(added).size[2]).toBe(40);expect(added.map(o=>o.name)).toEqual(['Bottom','Top']);expect(p.overrides.layer_height).toBe('0.25');await page.getByRole('button',{name:'Undo',exact:true}).click();await expect(page.locator('[data-tree-kind="object"]')).toHaveCount(1);await page.getByRole('button',{name:'Redo',exact:true}).click();await expect(page.locator('[data-tree-kind="object"]')).toHaveCount(2);});
      14 | for(const action of ['No','Escape'])test(`multipart ${action} keeps separate objects and grounds each independently`,async({page})=>{await start(page);await page.getByLabel('Choose a 3D model').setInputFiles(file());await expect(dialog(page)).toBeVisible();if(action==='Escape')await page.keyboard.press('Escape');else await dialog(page).getByRole('button',{name:'No',exact:true}).click();await expect(page.locator('[data-tree-kind="object"]')).toHaveCount(2);const p=await save(page);expect(p.objects).toHaveLength(2);expect(new Set(p.objects.map(o=>o.native.groupId)).size).toBe(2);expect(p.objects.map(o=>meshBounds(o).min[2])).toEqual([0,0]);});
        at start (/private/tmp/orca-implementation/m47-multipart-import-stage/tests/e2e/multipart-import.spec.js:11:185)
        at /private/tmp/orca-implementation/m47-multipart-import-stage/tests/e2e/multipart-import.spec.js:17:298

    Error Context: test-results/m47-focused/multipart-import-multipart-10ca4-ns-and-fits-compact-windows/error-context.md

    attachment #2: trace (application/zip) ─────────────────────────────────────────────────────────
    test-results/m47-focused/multipart-import-multipart-10ca4-ns-and-fits-compact-windows/trace.zip
    Usage:

        npx playwright show-trace test-results/m47-focused/multipart-import-multipart-10ca4-ns-and-fits-compact-windows/trace.zip

    ────────────────────────────────────────────────────────────────────────────────────────────────

  2 failed
    tests/e2e/multipart-import.spec.js:17:37 › multipart light dialog uses native warning dimensions, choice buttons and fits compact windows 
    tests/e2e/multipart-import.spec.js:17:37 › multipart dark dialog uses native warning dimensions, choice buttons and fits compact windows 
  5 passed (1.1m)
