
> orca-web@0.1.0 test:native
> node --test --test-concurrency=2 tests/native/*.test.js

✔ native height painting matches independently encoded object height-range filament assignments (331.789417ms)
ℹ 400 outer-wall paths and material slots equal independent native height-range configuration.
✔ native gap-filled subfacet islands remove the second material and match an unpainted reference (413.320333ms)
ℹ Native 6.78 mm second-material island disappears after source-rule gap fill; 400 outer-wall paths match the unpainted reference.
✔ native overhang-angle support painting equals explicitly annotated downward faces (254.529167ms)
ℹ 1207 support deposition paths equal independent explicit face annotations.
✔ native automatic brim ears match C++ corner references: overlapping grouped parts (374.450209ms)
ℹ 6 ears, 469 adhesion segments, 22709 exact native motion matches.
✔ native automatic brim ears match C++ corner references: mirrored concave negative hole (480.564917ms)
ℹ 6 ears, 526 adhesion segments, 53770 exact native motion matches.
✔ native painted brim ears add localized first-layer adhesion and move with the chosen corner (563.010667ms)
ℹ 110 left-ear and 109 right-ear native adhesion segments; none without ears or with ears above the bed.
✔ a sparse native capsule stroke paints a continuous material strip between pointer endpoints (278.650833ms)
ℹ 322 second-material wall segments cover 66 consecutive layers between two sparse brush samples; 55.55 mm deposited in the swept strip.
✔ real native bundled ZIP64 flow-calibration archives retain named geometry within ordinary import limits (521.683583ms)
✔ native-normalized X1C temperature calibration preserves source scalar meaning through preparation, validation and actual output (7243.197333ms)
ℹ temperature: actual bundled scalar array ['50','50'] becomes native scalar50; generated calibration output and bound project/token validation pass. No printer contacted.
✔ native-normalized X1C pressure-advance calibration preserves source scalar meaning through preparation, validation and actual output (5225.785208ms)
ℹ pressure-advance: actual bundled scalar array ['50','50'] becomes native scalar50; generated calibration output and bound project/token validation pass. No printer contacted.
✔ native-normalized X1C flow-ratio calibration preserves source scalar meaning through preparation, validation and actual output (5577.153333ms)
ℹ flow-ratio: actual bundled scalar array ['50','50'] becomes native scalar50; generated calibration output and bound project/token validation pass. No printer contacted.
✔ real native temperature measurement persists a source-compatible custom filament and affects its next ordinary slice (6437.308333ms)
ℹ temperature: generated native model, explicit result 225, durable custom preset reload and ordinary native slice verified. No physical measurement or printer contact.
✔ real native pressure-advance measurement persists a source-compatible custom filament and affects its next ordinary slice (1865.606ms)
ℹ pressure-advance: generated native model, explicit result 0.002, durable custom preset reload and ordinary native slice verified. No physical measurement or printer contact.
✔ real native retraction measurement persists a source-compatible custom filament and affects its next ordinary slice (2140.346292ms)
ℹ retraction: generated native model, explicit result 0.4, durable custom preset reload and ordinary native slice verified. No physical measurement or printer contact.
✔ real native max-volumetric-speed measurement persists a source-compatible custom filament and affects its next ordinary slice (1937.4695ms)
ℹ max-volumetric-speed: generated native model, explicit result 6, durable custom preset reload and ordinary native slice verified. No physical measurement or printer contact.
✔ native shrinkage temperature calibration schedules the actual compensated layers (7847.261417ms)
ℹ temperature: 102 real compensated layers, 102 independently checked native schedule commands; one published target output.
✔ native shrinkage pressure-advance calibration schedules the actual compensated layers (5878.029083ms)
ℹ pressure-advance: 56 real compensated layers, 56 independently checked native schedule commands; one published target output.
✔ native project flow calibration retains all independent flow ratios with shrinkage initialization (5835.165708ms)
ℹ All 9 labelled specimens preserve effective independent wall E/mm ratios within 0.3%; warmup target only is published.
✔ real OrcaSlicer 2.4.2 temperature resource becomes a sliced calibration with an effective layer schedule (5186.27475ms)
ℹ temperature: 6436 closed triangles, 44.499 × 10.000 × 19.998 mm, 100 layers with actual calibration commands. No printer was contacted.
✔ real OrcaSlicer 2.4.2 pressure-advance resource becomes a sliced calibration with an effective layer schedule (3836.228292ms)
ℹ pressure-advance: 52 closed triangles, 70.000 × 70.000 × 3.000 mm, 15 layers with actual calibration commands. No printer was contacted.
✔ real OrcaSlicer 2.4.2 input-shaping-frequency resource becomes a sliced calibration with an effective layer schedule (3816.681791ms)
ℹ input-shaping-frequency: 1344 closed triangles, 40.020 × 40.019 × 60.000 mm, 301 layers with actual calibration commands. No printer was contacted.
✔ real OrcaSlicer 2.4.2 input-shaping-damping resource becomes a sliced calibration with an effective layer schedule (3755.824ms)
ℹ input-shaping-damping: 3504 closed triangles, 120.000 × 120.000 × 60.000 mm, 301 layers with actual calibration commands. No printer was contacted.
✔ real native cornering tower has effective junction-deviation commands without competing role overrides (4632.679291ms)
ℹ junction-deviation: 1344 closed triangles, 40.020 × 40.019 × 60.000 mm, 300 native schedule layers plus closing pass. No printer contacted.
✔ real native cornering tower has effective jerk commands without competing role overrides (5242.568042ms)
ℹ jerk: 2368 closed triangles, 81.964 × 67.000 × 100.000 mm, 500 native schedule layers plus closing pass. No printer contacted.
✔ custom material active edits, reset, clone and reload preserve inactive native variants and selected slot identity (10313.297875ms)
✔ custom H2D machine active nozzle and normal/silent edits preserve all other native alternatives (3971.974875ms)
✔ actual native slice and re-export retain a saved material’s complete variants while using its selected limits (3756.1255ms)
✔ native variant correction replay changes only the reviewed active material and rejects wrong edit dimensions (5287.315625ms)
✔ native selected material inherits the intact source variant value with separate physical nozzle context (1766.165083ms)
✔ default, H2D and legacy J1 contexts open all native scopes and J1 process saves retain native identity metadata (7953.510459ms)
✔ real OrcaSlicer honors saved custom machine, process, and filament presets (4123.625375ms)
✔ native plug prism circle cut matches independent source geometry and preserves editable connectors (863.846875ms)
ℹ 12849 exact native motion commands against C++-mesh reference; 1910 upper-body extrusion moves avoid the connector void; 2 connector volumes survive native re-export.
✔ native plug frustum triangle cut matches independent source geometry and preserves editable connectors (453.551167ms)
ℹ 11076 exact native motion commands against C++-mesh reference; 1366 upper-body extrusion moves avoid the connector void; 2 connector volumes survive native re-export.
✔ native dowel prism square cut matches independent source geometry and preserves editable connectors (514.402167ms)
ℹ 13414 exact native motion commands against C++-mesh reference; 1341 upper-body extrusion moves avoid the connector void; 3 connector volumes survive native re-export.
✔ native dowel frustum hexagon cut matches independent source geometry and preserves editable connectors (529.269083ms)
ℹ 13368 exact native motion commands against C++-mesh reference; 1487 upper-body extrusion moves avoid the connector void; 3 connector volumes survive native re-export.
✔ native snap prism circle cut matches independent source geometry and preserves editable connectors (658.099709ms)
ℹ 13174 exact native motion commands against C++-mesh reference; 1910 upper-body extrusion moves avoid the connector void; 2 connector volumes survive native re-export.
✔ installed native slicer preserves cut families and every connector type without changing geometry toolpaths (867.826166ms)
ℹ Native re-export preserves a >2^53 cut identity and plug/dowel/snap flags on all six volumes; 66576 motion commands exactly match the same geometry without cut metadata.
✔ native retraction tower cuts at exact source heights produce closed retained meshes and slice successfully (1639.424ms)
ℹ Exact 3.3999 mm cut: both halves closed, volume drift -1.265e-5 mm³, native final layer 3.4 mm.
ℹ Exact 21.3999 mm cut: both halves closed, volume drift -3.048e-6 mm³, native final layer 21.32 mm.
✔ original native cut_mesh and instance reset match exactly across seven ordinary, linked, mirrored and modifier cases (83.280917ms)
ℹ Original cap triangulation and Float32 vertices agree exactly; the previous mirrored Z discrepancy is removed without tolerance changes.
✔ native kernel rejects malformed frames, identity, role and triangle requests (52.495583ms)
✔ Cut to parts native slicing matches original cut_mesh output in four fixed translation-only runs (4464.948208ms)
ℹ All four original/web fixed Cut to parts runs match 4409 motion commands across two linked footprints; native cap triangulation and slicing are exact for this fixture.
✔ actual native slicing preserves holes in capped upper/lower surfaces and mirrored cut output (300.727ms)
ℹ Native 2.4.2 sliced both capped cavity halves and a mirrored half; the opening remains free of deposited extrusion.
✔ actual native cut-group slicing retains negative volumes and per-part modifiers on both sides (390.33125ms)
ℹ Native cut groups retain capped negative volumes and effective density modifiers (1973.62 vs 1924.77 mm filament).
✔ real native dovetail basic slices mating surfaces identically to compiled source-plane reference (483.3155ms)
ℹ basic: 5 individually closed fragments, two cut groups, 17139 exact native motion commands against independent C++ planes; 71 socket-layer moves avoid central mating cavities; cut identity survives complete native project re-import. GUI byte-identity and physical fit remain unverified.
✔ real native dovetail repeated slices mating surfaces identically to compiled source-plane reference (552.429166ms)
ℹ repeated: 8 individually closed fragments, two cut groups, 17809 exact native motion commands against independent C++ planes; 97 socket-layer moves avoid central mating cavities; cut identity survives complete native project re-import. GUI byte-identity and physical fit remain unverified.
✔ real native dovetail tapered slices mating surfaces identically to compiled source-plane reference (452.60875ms)
ℹ tapered: 5 individually closed fragments, two cut groups, 17139 exact native motion commands against independent C++ planes; 70 socket-layer moves avoid central mating cavities; cut identity survives complete native project re-import. GUI byte-identity and physical fit remain unverified.
✔ OrcaSlicer 2.4.2 API and direct CLI produce identical cube motion/extrusion with the same native settings (4626.263416ms)
ℹ Matched all 10989 motion/extrusion commands with OrcaSlicer-2.4.2; {"layer_height":0.16,"outer_wall_speed":70}.
✔ expanded native process enums, percentages, accelerations and vectors survive real API/CLI slicing (4315.170625ms)
ℹ Matched all 9433 motion/extrusion commands with OrcaSlicer-2.4.2; {"layer_height":0.2,"outer_wall_line_width":"125%","ironing_type":"topmost","bottom_surface_pattern":"concentric","initial_layer_acceleration":500,"small_area_infill_flow_compensation_model":["0,0\n0.2,0.4444"]}.
✔ native remap of paint and two part base slots equals independent reference assignments (418.154875ms)
ℹ 1305 native outer-wall segments and both filament consumptions exactly match independent painted/base assignments.
✔ native per-plate custom filament order controls first layer, interval order and later overlap priority (243.906458ms)
ℹ All 10 native layers use requested first/interval ordering, later overlapping ranges win; reversing first-layer order changes the first deposited tool.
✔ installed bundled legacy vector settings flatten into a valid native project and slice through embedded mode (4146.009541ms)
ℹ Installed Prusa MK4/Standard/Generic PLA bundled defaults normalize then prepare and slice through the strict embedded project path.
✔ real native coarse flow calibration retains independent effective ratios and saves a durable result (8126.728375ms)
ℹ coarse: 9 closed labelled native objects; measured relative wall extrusion matches each planned multiplier within 0.3%; selected result 0.882 persisted and reloaded. No printer contacted.
✔ real native fine flow calibration retains independent effective ratios and saves a durable result (3766.183125ms)
ℹ fine: 10 closed labelled native objects; measured relative wall extrusion matches each planned multiplier within 0.3%; selected result 0.9702 persisted and reloaded. No printer contacted.
✔ real native yolo flow calibration retains independent effective ratios and saves a durable result (4284.063375ms)
ℹ yolo: 11 closed labelled native objects; measured relative wall extrusion matches each planned multiplier within 0.3%; selected result 0.97 persisted and reloaded. No printer contacted.
✔ real native yolo-fine flow calibration retains independent effective ratios and saves a durable result (5138.194167ms)
ℹ yolo-fine: 16 closed labelled native objects; measured relative wall extrusion matches each planned multiplier within 0.3%; selected result 0.975 persisted and reloaded. No printer contacted.
✔ real OrcaSlicer loads and slices a watertight API-uploaded OBJ (4715.588166ms)
✔ real OrcaSlicer rejects malformed STL and the API offers no download (4150.6365ms)
✔ native transformed STL and exported 3MF preserve asymmetric scale, rotation and placement (4199.148584ms)
ℹ STL and exported 3MF match 6100 native motion commands at X55–65, Y55–85, Z0–15 mm.
✔ native 3MF preserves multiple arranged object footprints without automatic recentering (3761.202958ms)
ℹ Both separate native objects retain their arranged positions and 10 mm clearance.
✔ fresh GUI-exported 2.4.2 project retains every GUI motion through web import and validated export (4425.94725ms)
ℹ Fresh actual GUI output: 10989 native motion commands match after validated web roundtrip. Thumbnails, pixels and all project metadata are separate acceptance.
✔ native overlapping height ranges match independently sliced wall-speed references per layer (517.070708ms)
ℹ 400 native wall moves match three independent fixed-speed slices. 4–8 mm takes 30 mm/s; overlap trims the 55 mm/s range to 8–12 mm; gaps use 70 mm/s.
✔ native ranged layer heights preserve the first layer, change interior increments, and restore default heights in gaps (175.412834ms)
ℹ 135 native layers; fixed 0.2 mm first layer, 0.1/0.25 mm interior ranges, and 0.2 mm gaps.
✔ native height ranges override ordinary part settings while modifiers retain final priority (179.111708ms)
ℹ 152 native ranged outer-wall segments include 30 mm/s range and 45 mm/s modifier speeds; ordinary 90 mm/s part speed is overridden.
✔ native range filament assignment changes material only inside its Z interval (155.6875ms)
ℹ 80 ranged wall segments use second filament; 320 outside segments retain first filament. Native material usage [1125.15,236.43] mm.
7:02:30 PM [vite] (client) Re-optimizing dependencies because vite config has changed
▶ real browser AMF, SVG extrusion and STEP worker generate surfaces accepted by OrcaSlicer 2.4.2
  ✔ AMF browser surfaces match native AMF toolpaths and compressed AMF retains units (215.617666ms)
  ✔ SVG dimensions, holes, physical units and extrusion depth survive native slicing (95.822041ms)
7:02:31 PM [vite] (client) ✨ new dependencies optimized: occt-import-js
7:02:31 PM [vite] (client) ✨ optimized dependencies changed. reloading
  ✔ official STEP browser worker loads local WASM, preserves mm units and yields printable geometry (415.722125ms)
✔ real browser AMF, SVG extrusion and STEP worker generate surfaces accepted by OrcaSlicer 2.4.2 (5321.990667ms)
ℹ AMF import matches 8869 direct native motion commands.
✔ legacy STL preserved placement receives native second-apply shrinkage (237.071833ms)
ℹ stl preserved XY:102layers Z20.4; bounds 60.2,70.2 to 79.8,89.8.
✔ legacy STL native automatic placement receives native second-apply shrinkage (252.58825ms)
ℹ stl native automatic placement:102layers Z20.4; bounds 115.2,95.2 to 134.8,114.8.
✔ legacy OBJ preserved placement receives native second-apply shrinkage (200.551708ms)
ℹ obj preserved XY:102layers Z20.4; bounds 60.2,70.2 to 79.8,89.8.
✔ legacy OBJ native automatic placement receives native second-apply shrinkage (250.537166ms)
ℹ obj native automatic placement:102layers Z20.4; bounds 115.2,95.2 to 134.8,114.8.
✔ native placement STL export retains unscaled20mm vertices at100% and98% before initialization (155.3675ms)
ℹ Both100% and98% native placement exports have identical raw mesh bounds {"min":[115,95,0],"max":[135,115,20],"size":[20,20,20],"center":[125,105,10]}. Wall-centerline19.6mm is nozzle offset, not mesh scaling.
✔ legacy preserved STL initialization matches all GUI reference motions for both98% axes (192.762459ms)
✔ real native volumetric standard matches independently sliced band speeds, geometry and extrusion (6511.710542ms)
ℹ standard: 5592 closed native triangles; 3440 effective outer-wall moves match 9 independent constant-speed native slices, including terminal spiral pass. No printer contacted.
✔ real native volumetric narrow-bed matches independently sliced band speeds, geometry and extrusion (2123.864542ms)
ℹ narrow-bed: 5592 closed native triangles; 2861 effective outer-wall moves match 9 independent constant-speed native slices, including terminal spiral pass. No printer contacted.
✔ real native volumetric larger-nozzle matches independently sliced band speeds, geometry and extrusion (1371.712708ms)
ℹ larger-nozzle: 5592 closed native triangles; 2504 effective outer-wall moves match 6 independent constant-speed native slices, including terminal spiral pass. No printer contacted.
✔ real native volumetric native-ceiling matches independently sliced band speeds, geometry and extrusion (1710.778667ms)
ℹ native-ceiling: 5516 closed native triangles; 2492 effective outer-wall moves match 8 independent constant-speed native slices, including terminal spiral pass. No printer contacted.
✔ multiple object transforms preserve native geometry and cutouts against independent analytic world coordinates (514.025167ms)
ℹ 40835 motion commands match independently positioned native geometry exactly.
✔ multiple part transforms preserve native geometry and cutouts against independent analytic world coordinates (440.984583ms)
ℹ 42350 motion commands match independently positioned native geometry exactly.
✔ native-commands all-plate totals match independent compiled original source over actual native processor results (34.356584ms)
ℹ 84 real native vertices across two plate results; no installed slicer launch.
✔ native-gui all-plate totals match independent compiled original source over actual native processor results (204.001167ms)
ℹ 58042 real native vertices across two plate results; no installed slicer launch.
✔ all-plate and native model extruder oracle source files remain hash-bound to original captures (1.976875ms)
✔ native arrangement build identity and independent source fixture provenance match the pinned release (61.982084ms)
✔ original compiled Arrange/ModelArrange exact comparison: fixed-selection (9.813416ms)
✔ original compiled Arrange/ModelArrange exact comparison: spacing-7.5 (8.463791ms)
✔ original compiled Arrange/ModelArrange exact comparison: spacing-30 (8.13825ms)
✔ original compiled Arrange/ModelArrange exact comparison: normal-support (8.123708ms)
✔ original compiled Arrange/ModelArrange exact comparison: tree-support (8.146917ms)
✔ original compiled Arrange/ModelArrange exact comparison: sequential-short (8.180209ms)
✔ original compiled Arrange/ModelArrange exact comparison: sequential-tall (8.315791ms)
✔ original compiled Arrange/ModelArrange exact comparison: gui-y-alignment (8.51575ms)
✔ original compiled Arrange/ModelArrange exact comparison: rotation-enabled (10.806333ms)
✔ original compiled Arrange/ModelArrange exact comparison: excluded-center (10.205584ms)
✔ original compiled Arrange/ModelArrange exact comparison: wrapping-concave (9.382834ms)
✔ original compiled Arrange/ModelArrange exact comparison: skirt-explicit-width (9.089792ms)
✔ original compiled Arrange/ModelArrange exact comparison: estimated-rib-tower (9.292708ms)
✔ original compiled Arrange/ModelArrange exact comparison: estimated-rectangle-tower (9.845292ms)
✔ original compiled Arrange/ModelArrange exact comparison: estimated-tower-rotation-ignored (10.099ms)
✔ original compiled Arrange/ModelArrange exact comparison: estimated-tower-auto-brim-and-clamp (9.655ms)
✔ installed OrcaSlicer arrangement and 3MF roundtrip: fresh GUI cube (168.095ms)
ℹ 1 named parts: all transformed triangle corners match native export within 0.00003 mm and survive web-native reload.
✔ installed OrcaSlicer arrangement and 3MF roundtrip: three cube placements (146.087792ms)
ℹ 3 named parts: all transformed triangle corners match native export within 0.00003 mm and survive web-native reload.
✔ installed OrcaSlicer arrangement and 3MF roundtrip: rotated rectangles with rotation disabled (145.324042ms)
ℹ 3 named parts: all transformed triangle corners match native export within 0.00003 mm and survive web-native reload.
✔ installed OrcaSlicer arrangement and 3MF roundtrip: native automatic rotation (153.6325ms)
ℹ 3 named parts: all transformed triangle corners match native export within 0.00003 mm and survive web-native reload.
✔ installed OrcaSlicer arrangement and 3MF roundtrip: baked reflected rectangles (140.925541ms)
ℹ 3 named parts: all transformed triangle corners match native export within 0.00003 mm and survive web-native reload.
✔ installed OrcaSlicer arrangement and 3MF roundtrip: grouped negative and modifier volumes outside the normal footprint (149.11475ms)
ℹ 5 named parts: all transformed triangle corners match native export within 0.00003 mm and survive web-native reload.
✔ installed OrcaSlicer arrangement and 3MF roundtrip: combined skirt with explicit 0.48mm width (137.991125ms)
ℹ 3 named parts: all transformed triangle corners match native export within 0.00003 mm and survive web-native reload.
✔ installed OrcaSlicer arrangement and 3MF roundtrip: normal support safety margin (152.588917ms)
ℹ 3 named parts: all transformed triangle corners match native export within 0.00003 mm and survive web-native reload.
✔ installed OrcaSlicer arrangement and 3MF roundtrip: central excluded region (152.700375ms)
ℹ 3 named parts: all transformed triangle corners match native export within 0.00003 mm and survive web-native reload.
✔ installed OrcaSlicer arrangement and 3MF roundtrip: central wrapping region (153.925042ms)
ℹ 3 named parts: all transformed triangle corners match native export within 0.00003 mm and survive web-native reload.
✔ installed OrcaSlicer arrangement and 3MF roundtrip: sequential 65.001mm clearance (137.789792ms)
ℹ 3 named parts: all transformed triangle corners match native export within 0.00003 mm and survive web-native reload.
✔ native selected-object arrangement keeps fixed parts and other plates byte-identical (9.385292ms)
✔ native bounded-input validation rejects invalid geometry, identities, transforms and outside-workspace objects (80.068875ms)
✔ installed native slicing and re-export retain project attachments and model attribution without changing captured GUI motions (4306.826667ms)
ℹ 10989 exact GUI motion commands; two opaque attachments, Unicode names and native attribution survive installed-native re-export. GUI attachment editing remains separate acceptance.
✔ native clipboard matches original C++ nearest-cell ties, fallback, grouping, component centering and repeated part paste (118.285833ms)
ℹ 16 exact original-source C++ placement comparisons; no GUI placement capture claimed.
✔ native clipboard rejects bounds, bad indices, fractional copies and an unrepresentable float grid (40.06975ms)
✔ native cloned GUI cube preserves source geometry through web/native roundtrip and slices two distinct footprints (4311.275292ms)
ℹ Native cloned centers [[10,10,10],[31,10,10]]; 2 object labels sliced.
✔ exact native preset loader handles scalar numeric tokens, legacy enums, metadata and separate active variants (4193.143709ms)
✔ native H2D/J1 slices agree between complete archive and selected settings; re-export preserves all inactive variants (1166.732792ms)
ℹ Bambu Lab H2D 0.4 nozzle Standard/Standard: 582 matching motion lines; native re-export retains full variants
ℹ Bambu Lab H2D 0.4 nozzle Standard/High Flow: 582 matching motion lines; native re-export retains full variants
ℹ Snapmaker J1 (0.4 nozzle) Standard/Standard: 615 matching motion lines; native re-export retains full variants
✔ native XL manual mapping rejects its unchanged default printable mask on physical nozzle three (127.772541ms)
✔ native Prusa import expands a selected H2D material with all source variants and preserves native part roles (137.053625ms)
✔ regenerated native planar text survives validated web export with all original GUI motion commands (4589.533667ms)
ℹ 13,743 exact normalized native motion commands after actual pinned worker regeneration and production native project preparation.
✔ regenerated native surface text changes closed geometry and produces actual raised deposition after native export (4037.485875ms)
ℹ 384 regenerated manifold triangles; native raised deposition reaches 21 mm. Exact unchanged surface command ordering is not asserted; its independently checked CGAL cap triangulation may change path starts.
✔ pinned native worker regenerates captured GUI planar mesh using native font/CGAL geometry (77.492042ms)
ℹ 584 corresponding vertices; 1176 triangles; maximum saved-coordinate error 5.021462741671472e-8 mm.
✔ pinned native worker regenerates captured GUI surface mesh using native font/CGAL geometry (47.922083ms)
ℹ 36 triangles differ only by native CGAL cap triangulation; oriented boundaries and covered area match.
ℹ 288 corresponding vertices; 572 triangles; maximum saved-coordinate error 2.471515581705882e-7 mm.
✔ real native worker applies native typography and extrusion options and rejects unavailable collection or missing per-glyph sources (50.74575ms)
✔ real native font parser reports collection metrics for the captured Helvetica file (16.344791ms)
✔ native GUI planar text retains exact printable motions through validated web JSON and native 3MF roundtrip (4646.2975ms)
ℹ planar: 13743 exact native motion commands; 1176 glyph triangles, top layer 21 mm. CLI slices retained glyph meshes; this does not test text regeneration.
✔ native GUI surface text retains exact printable motions through validated web JSON and native 3MF roundtrip (4145.297541ms)
ℹ surface: 12030 exact native motion commands; 572 glyph triangles, top layer 21 mm. CLI slices retained glyph meshes; this does not test text regeneration.
✔ retained genuine GUI export Filament and Summary match original C++ color streams and material calculations (199.45075ms)
ℹ 58042 native vertex colors match original-source RGB streams.
✔ native two-filament model/support/flushed/tower accounting matches commanded filament and compiled GUI calculations (19.306083ms)
✔ bounded native color-change palette rejects excess entries instead of emitting unvalidated colors (16.751583ms)
✔ native standalone palettes match the compiled original provider for no events, pause-only and color changes (34.910708ms)
✔ native Fill matches unchanged original GUI prepare/process/finalize and float-grid reference in 12 cases (129.446875ms)
✔ native Fill rejects candidate/output limits, malformed frames and unimplemented viewport-dependent inputs (50.876667ms)
✔ Fill tower oracle uses pinned original viewport/Fill source and matching adapter provenance (18.953709ms)
✔ native Fill tower matches original GUI footprint, packing and every instance: two materials with double brim (14.585833ms)
✔ native Fill tower matches original GUI footprint, packing and every instance: larger prime volume (12.121959ms)
✔ native Fill tower matches original GUI footprint, packing and every instance: zero brim (12.347208ms)
✔ native Fill tower matches original GUI footprint, packing and every instance: automatic brim from native shell height (11.947791ms)
✔ native Fill tower matches original GUI footprint, packing and every instance: edge placement clamps raw coordinates (11.829583ms)
✔ native Fill tower matches original GUI footprint, packing and every instance: native Fill deliberately ignores tower rotation (12.375ms)
✔ native Fill tower matches original GUI footprint, packing and every instance: second plate retains native zero obstacle bed index (11.21675ms)
✔ native Fill tower matches original GUI footprint, packing and every instance: sequential plate hides a two-instance tower (9.642834ms)
✔ native Fill tower matches original GUI footprint, packing and every instance: single used material hides tower (11.371625ms)
✔ native Fill tower matches original GUI footprint, packing and every instance: single material smooth timelapse still reserves tower (13.226583ms)
✔ native Fill tower matches original GUI footprint, packing and every instance: wrapping detection still reserves single-material tower (13.284791ms)
✔ native Fill tower matches original GUI footprint, packing and every instance: tool change adds third native filament (12.756958ms)
✔ native Fill tower matches original GUI footprint, packing and every instance: native float grid retains tower only in candidate budgeting (11.896042ms)
✔ native Arrange retains the existing original viewport obstacle: two materials with double brim (11.96925ms)
✔ native Arrange retains the existing original viewport obstacle: larger prime volume (9.130583ms)
✔ native Arrange retains the existing original viewport obstacle: zero brim (8.815458ms)
✔ native Arrange retains the existing original viewport obstacle: automatic brim from native shell height (8.727167ms)
✔ native Arrange retains the existing original viewport obstacle: edge placement clamps raw coordinates (8.687042ms)
✔ native Arrange retains the existing original viewport obstacle: native Fill deliberately ignores tower rotation (8.630333ms)
✔ native Arrange retains the existing original viewport obstacle: second plate retains native zero obstacle bed index (9.085625ms)
✔ native Arrange retains the existing original viewport obstacle: sequential plate hides a two-instance tower (8.35725ms)
✔ native Arrange retains the existing original viewport obstacle: single used material hides tower (7.884ms)
✔ native Arrange retains the existing original viewport obstacle: single material smooth timelapse still reserves tower (8.4585ms)
✔ native Arrange retains the existing original viewport obstacle: wrapping detection still reserves single-material tower (8.385792ms)
✔ native Arrange retains the existing original viewport obstacle: tool change adds third native filament (9.193292ms)
✔ native Arrange retains the existing original viewport obstacle: native float grid retains tower only in candidate budgeting (8.915917ms)
✔ native Fill rejects malformed, missing and oversized tower context before packing (39.567208ms)
✔ full pinned native processor matches native GUI estimates and all 6,896 independent fallback scalar rows (172.557583ms)
✔ native processing retains actual arc subdivisions, stationary events and source line IDs and is deterministic (23.092125ms)
✔ real processor HTTP endpoint hashes an owned ready file and clears native cache on deletion (244.684583ms)
✔ installed native model index resolves actual vendor and default mesh bytes without fixture fallback (4078.275167ms)
✔ pinned native wx cover generator center-crops a wide RGB image to the three native project sizes (58.639167ms)
✔ native cover decoding supports BMP and preserves uniform partial alpha while downscaling PNG (168.250791ms)
✔ generated native covers survive web/native export relationships and installed Orca re-export (4297.947ms)
ℹ All three generated PNGs, original picture, DesignerCover and root package relationships survive installed Orca 2.4.2 re-export; GUI visual acceptance remains pending.
✔ native JPEG decoder processes the installed Orca homepage raster through the cover API (137.037958ms)
✔ original native mesh statistics retain float rounding and count solids through the first instance only (33.087917ms)
✔ native filter removes open planar meshes and modifier-only objects while retaining a valid source solid (31.2745ms)
✔ native source applies zero, meters and inches thresholds in order to float mesh volumes (56.896ms)
✔ cut-family checksum and connector count participate in native imperial detection (34.360459ms)
✔ native determinant uses volume and first-instance scaling and ignores later instances for unit inference (27.70225ms)
✔ native admission rejects forged identities, mesh indices, roles, matrices and cut IDs (53.253ms)
✔ native inspection adapter has a matching original-source build manifest and binary hash (3.02375ms)
✔ native Cut instance frames exactly match unchanged pinned CutUtils and real Model bed placement in eleven independent C++ cases (206.171375ms)
✔ native Cut input validation rejects malformed transforms, missing selection, flags, excessive counts and invalid triangle data (68.862416ms)
✔ native linked Cut exports two real build instances and installed 2.4.2 slices the retained surfaces at both footprints (4332.769334ms)
ℹ Original native reset yields one linked upper family, two build items and 25 native layers across both expected footprints.
✔ linked dovetail results preserve two shared families and closed processed surfaces through native instance reset (67.083375ms)
✔ rotated and mirrored linked edits preserve every native-read entry against independent component/config XML edits (8554.907333ms)
✔ translation-only linked edits match four fixed native runs, including same-input repeatability controls (3936.338333ms)
ℹ All four fixed translation-only runs agree exactly: 11057 motion commands; rotated CLI path determinism remains unverified.
✔ all 21,026 GUI-file motion solids preserve original native endpoint HWA, bias, positions and IDs, including 1,820 travels and 430 wipes (197.179708ms)
✔ tree instance printability is native build metadata and real slicing excludes only the selected instance (4766.29475ms)
ℹ 1146 deposition segments remain only inside the first instance footprint.
✔ native per-glyph letters use contour tangents, while Use surface follows the analytic cylinder with native overlap (41.472458ms)
ℹ 88 tangent glyph triangles; 260 curved triangles; analytical cylinder envelope 19.974291749527314…21 mm.
✔ native per-glyph rejects missing cross-sections and retains layout under common rigid source transforms (52.141458ms)
✔ new per-glyph native surface part survives web/native export and produces raised cylindrical deposition (5070.27675ms)
ℹ 260 regenerated triangles; 370 raised outer-wall moves; max deposited radius 20.800209422022647 mm.
✔ native user diff and parent-relative reset survive restart and control actual installed slicing (7866.897ms)
ℹ Imported child: 166 layers; parent reset after restart: 100 layers. No native GUI export or printer connection.
✔ native commands editor totals and event time/lookup exactly match independent compiled original GUI formulas (21.570083ms)
ℹ 42 real native vertices; original double editor cost includes 12.5/h machine time.
✔ native gui editor totals and event time/lookup exactly match independent compiled original GUI formulas (115.607625ms)
ℹ 29021 real native vertices; original double editor cost includes 12.5/h machine time.
✔ native editor event palette is project-owned even when G-code contains different color-change metadata (28.140333ms)
✔ native helper rejects snapshot/G-code filament mismatch and cleans all temporary context files (16.264709ms)
✔ direct native executable rejects fractional event IDs independently of the JavaScript validator (22.072042ms)
✔ source fixture retains exact pinned function provenance and no installed slicer is required (0.56675ms)
✔ real GUI G-code native geometry/event/tick IDs match seven original C++ range captures (123.256834ms)
✔ real native processing retains all seven stationary event types, including source-line reordering by the Z corrector (21.917833ms)
✔ real GUI G-code scalar ranges and every vertex color match original C++ for all seven modes and four visibility combinations (499.428417ms)
ℹ 812588 original native vertex colors across28 mode/visibility streams match byte-for-byte.
✔ native PA ranges remain unavailable without an explicit PA command and begin at the determined value when one appears (24.71525ms)
✔ prime tower reference and production helper match pinned original source and paired build provenance (9.05375ms)
✔ original native tower containment, assignments and sizing: two-material rectangle (21.118042ms)
✔ original native tower containment, assignments and sizing: tower disabled (18.575916ms)
✔ original native tower containment, assignments and sizing: single palette (18.715042ms)
✔ original native tower containment, assignments and sizing: single used filament (17.884417ms)
✔ original native tower containment, assignments and sizing: single smooth timelapse (17.474708ms)
✔ original native tower containment, assignments and sizing: single wrapping detection (17.932083ms)
✔ original native tower containment, assignments and sizing: sequential two printable (16.908958ms)
✔ original native tower containment, assignments and sizing: sequential one nonprintable (17.786709ms)
✔ original native tower containment, assignments and sizing: outside second object (17.681583ms)
✔ original native tower containment, assignments and sizing: overheight second object (18.204542ms)
✔ original native tower containment, assignments and sizing: excluded second object (18.165792ms)
✔ original native tower containment, assignments and sizing: sinking exclusion original limitation (16.316833ms)
✔ original native tower containment, assignments and sizing: sinking partly outside bed (15.8605ms)
✔ original native tower containment, assignments and sizing: nonrectangular native nonsinking bounds (18.742291ms)
✔ original native tower containment, assignments and sizing: nonrectangular sinking exact volume (15.985ms)
✔ original native tower containment, assignments and sizing: linked first instance on another plate (15.824584ms)
✔ original native tower containment, assignments and sizing: linked remote instance extends native height (15.81025ms)
✔ original native tower containment, assignments and sizing: ranges and support assignments (15.450125ms)
✔ original native tower containment, assignments and sizing: painted second filament (15.475625ms)
✔ original native tower containment, assignments and sizing: tool change third filament (18.354084ms)
✔ original native tower containment, assignments and sizing: rib wall tall tower (16.022833ms)
✔ original native tower containment, assignments and sizing: dual nozzle change volume (15.544041ms)
✔ original native tower containment, assignments and sizing: float narrowed rotated offset (16.205833ms)
✔ original native tower containment, assignments and sizing: empty model ignores tool events (15.147125ms)
✔ original native tower containment, assignments and sizing: second plate native origins (15.872208ms)
✔ original native tower containment, assignments and sizing: native default single exclusion sentinel (15.532958ms)
✔ original native tower containment, assignments and sizing: native trailing exclusion points ignored (16.059458ms)
✔ native tower rejects malformed painting and plate/assignment bounds before invoking unsafe native readers (61.054083ms)
✔ validated project preparation preserves native motions and applies explicit catalog process changes (4411.841583ms)
ℹ Server-validated embedded project keeps exact native motions; catalog mode produces 0.24 mm / 55 mm/s settings.
✔ validated multi-filament project preparation slices just the requested plate and retains part semantics (4296.972125ms)
ℹ Server preparation yields one G-code output per selected plate, with a native through-hole, effective density modifier and filament usage [1916.52,1169.79] / [0,1377.13] mm.
✔ native process settings Paste matches twelve independently compiled original ObjectList cases (229.603209ms)
ℹ 12 exact original ObjectList comparisons, including typed equality, preserved destination extruders, parent compensation and reuse across multiple destinations.
✔ native settings Paste rejects excessive/unknown inputs and retains method types through validated API service (41.361667ms)
✔ native process and height-range clipboard preserve settings through installed slicing and re-export (238.128ms)
✔ native SVG dimensions, even-odd holes and filled outline volume match independent analytic geometry (35.590291ms)
ℹ Rectangle volume 399.9998502060906; ring volume 599.9997753091358 mm³; native centered bounds [[-9.999998092651367,9.999998092651367],[-4.999999046325684,4.999999046325684],[-0.014999999664723873,1.9850000143051147]].
✔ native SVG 96 dpi units, stroke caps, dashes and curves retain native semantics (163.833416ms)
✔ native SVG rejects empty/oversized geometry without producing a placeholder (32.665292ms)
✔ native SVG surface creation, regeneration and both project roundtrips produce raised hollow deposition (4564.259292ms)
ℹ 920 raised deposition moves, zero in the central hole; regenerated 40 triangles, maximum deposited Z 21.96.
✔ native GUI tool properties and compressed actual-speed profiles match original compiled C++ (153.70575ms)
ℹ 21463 original property rows and 446 native profile points matched; 312 views retained explicit unknown initial PA.
✔ tower drag reference preserves original-source provenance and matching helper adapter (7.83275ms)
✔ native tower drag context: two-material rectangle (19.158333ms)
✔ native tower drag context: single smooth timelapse (16.169916ms)
✔ native tower drag context: single wrapping detection (17.793125ms)
✔ native tower drag context: sequential one nonprintable (16.283875ms)
✔ native tower drag context: sinking exclusion original limitation (16.118125ms)
✔ native tower drag context: nonrectangular native nonsinking bounds (16.133333ms)
✔ native tower drag context: linked remote instance extends native height (15.893417ms)
✔ native tower drag context: ranges and support assignments (16.10025ms)
✔ native tower drag context: painted second filament (15.700417ms)
✔ native tower drag context: tool change third filament (16.004875ms)
✔ native tower drag context: rib wall tall tower (15.875375ms)
✔ native tower drag context: dual nozzle change volume (15.45475ms)
✔ native tower drag context: float narrowed rotated offset (16.2855ms)
✔ native tower drag context: second plate native origins (15.368083ms)
✔ native tower drag context: native default single exclusion sentinel (15.605333ms)
✔ native tower drag context: brim 0 (15.840792ms)
✔ native tower drag context: brim 0.1 (15.096125ms)
✔ native tower drag context: brim 0.333333333333 (15.482416ms)
✔ native tower drag context: brim 20 (15.922125ms)
✔ native tower drag context: brim 1000 (15.725ms)
✔ native tower drag context: shared extruder printable area (15.7365ms)
✔ native tower drag context: oversize or exact edge width 193 (19.049667ms)
✔ native tower drag context: oversize or exact edge width 194 (16.033833ms)
✔ native tower drag context: oversize or exact edge width 250 (15.72475ms)
✔ native tower drag context: remote fractional origin [240, -240, 0] (16.970125ms)
✔ native tower drag context: remote fractional origin [96000.333, -48000.777, 0] (15.580791ms)
✔ legal identities retain the exact original two-material tower: family token equals a standalone group key (23.135375ms)
✔ legal identities retain the exact original two-material tower: standalone group precedes a colliding family token (17.736667ms)
✔ legal identities retain the exact original two-material tower: long plate and object IDs compose beyond the worker bound (16.617875ms)
✔ legal identities retain the exact original two-material tower: escaped group IDs exceed the bound only after JSON encoding (16.663333ms)
✔ legal identities retain the exact original two-material tower: multibyte group IDs exceed the worker byte bound (16.496084ms)
✔ legal identities retain the exact original two-material tower: multibyte family token exceeds the worker byte bound (16.090333ms)
✔ legal identities retain the exact original two-material tower: user family token collides with an allocated worker ID (16.760625ms)
✔ legal identities retain the exact original two-material tower: allocated worker ID skips an existing user family token (15.858583ms)
✔ real native PA line session preserves source fixture commands, macros and result binding (labels, relative E) (7044.281458ms)
ℹ Native 2.4.2 converted/sliced 2532-triangle source asset. All 324 source fixture calls match exported XYZ/E/F/PA; 255 generated moves. Native GUI export and physical results remain unverified.
✔ real native PA line session preserves source fixture commands, macros and result binding (no labels, absolute E) (2448.768791ms)
ℹ Native 2.4.2 converted/sliced 2532-triangle source asset. All 90 source fixture calls match exported XYZ/E/F/PA; 54 generated moves. Native GUI export and physical results remain unverified.
✔ real native PA pattern 3MF session slices exact four-layer generated commands (single-relative) (6807.4175ms)
ℹ 1 source handle cubes; four native layers; 644 generated moves; fixed PA result saved. Source fixtures are independent C++ geometry evidence, not native GUI export or physical measurements.
✔ real native PA pattern 3MF session slices exact four-layer generated commands (single-absolute) (2880.879917ms)
ℹ 1 source handle cubes; four native layers; 2281 generated moves; fixed PA result saved. Source fixtures are independent C++ geometry evidence, not native GUI export or physical measurements.
✔ real native PA pattern 3MF session slices exact four-layer generated commands (batch-two-by-two) (2771.308084ms)
ℹ 4 source handle cubes; four native layers; 2578 generated moves; fixed PA result saved. Source fixtures are independent C++ geometry evidence, not native GUI export or physical measurements.
✔ real 2.4.2 slices every automatically added PA plate after complete archive re-import with exact source commands (7386.593625ms)
ℹ 2 complete generated plates (6 + 2 patterns), 8 source handles, four layers per selected native slice, 18200 verified source-generated moves; independent compiled C++ reference matches all commands for the 80 mm/s, 1000 mm/s² pattern. No printer contacted.
✔ native object-wide height painting on two normal volumes matches an independent native region assignment (394.227542ms)
ℹ 800 native outer-wall paths and material slots match native range assignment over both grouped normal parts.
✔ native support and seam facet annotations change support paths and preferred wall starts (703.759042ms)
ℹ 1207 support extrusion segments replace zero; 100 layers move the preferred seam from X<1 to X>19.
✔ native fuzzy painted-only mode changes only the selected side and color paint uses actual filament slots (440.639834ms)
ℹ Painted fuzzy side expands 400 to 5551 outer-wall segments; color painting uses 1264.69/449.92 mm of two filaments.
✔ mirrored asymmetric native subfacets match an independently transformed native archive (343.035083ms)
ℹ 296 second-filament wall segments and both filament consumptions exactly match a native build-matrix reflection of the original two-edge painted facet.
✔ native fresh-load CLI shrinkage discrepancy stays explicit instead of claiming source texture matches output (304.604541ms)
ℹ Observed engine discrepancy: source-derived texture has 102 layers, fresh-load CLI outputs 100 through Z20. 8869 native motions are identical when the unused slot is changed from XY97% to XY98%. This is diagnostic evidence, not positive active-shrinkage parity.
✔ native part mixed-XY/equal-Z case matches neutral output and the source-disabled preview (371.163125ms)
ℹ part: 100 native layers and 18583 motions equal neutral shrinkage reference; preview reports mixed-material compensation disabled.
✔ native paint mixed-XY/equal-Z case matches neutral output and the source-disabled preview (344.676666ms)
ℹ paint: 100 native layers and 15918 motions equal neutral shrinkage reference; preview reports mixed-material compensation disabled.
✔ native height-range mixed-XY/equal-Z case matches neutral output and the source-disabled preview (276.839083ms)
ℹ height-range: 100 native layers and 8890 motions equal neutral shrinkage reference; preview reports mixed-material compensation disabled.
✔ native support mixed-XY/equal-Z case matches neutral output and the source-disabled preview (280.953333ms)
ℹ support: 100 native layers and 8869 motions equal neutral shrinkage reference; preview reports mixed-material compensation disabled.
✔ native preservePosition keeps baked STL XY coordinates and uses native bed placement for Z (5527.413584ms)
✔ pinned native compatibility predicates match independently linked original predicates (442.950083ms)
✔ native compatibility rejects malformed and oversized metadata without generic macro execution (85.60575ms)
✔ installed Prusa expression profiles are offered and admission rechecks changed hardware (4714.541291ms)
✔ native alias derivation retains C++ whitespace and empty-prefix fallback semantics (58.278125ms)
✔ compatibility-only metadata cannot change archived/effective native configuration (67.591791ms)
✔ native profile editor fallback selects expression-compatible defaults when no selection was supplied (873.54275ms)
✔ installed native export supplies dimension/diameter metadata but no per-move or per-role times through slice-info or slice-data (279.308875ms)
ℹ 6698 native linear flow values, 100 cached geometry layers; native processed move timing is absent from both inspected exports.
✔ prime tower position changes native deposited tower paths by the requested displacement without moving model extrusion (5213.169208ms)
ℹ 45198 native prime-tower extrusion segments moved exactly 30 mm in X; model walls did not move.
✔ pinned GUI Prusa importer preserves material/negative parts and all painting channels with exact native slice motions (4569.806417ms)
ℹ 29750 identical native motion commands;100layers;tools0,1;3separateparts.
✔ raw Prusa API jobs retain both materials and negative geometry at unity and98%, and project import preserves inactive carriers (6818.049ms)
ℹ Raw100%:100layers;raw98%:102layers;both tools and negative volume retained;project source bytes and full embedded vectors roundtrip.
✔ actual pinned Prusa importer expands current two-nozzle material tables without altering existing vectors or native scopes (83.786375ms)
✔ native 2.4.2 uses each physical nozzle matrix and multiplier independently and retains them in native re-export (585.920292ms)
ℹ 12 native purge events: 100/500 mm³ tables remain independent; halving nozzle2 multiplier and doubling nozzle1 table change only their intended purge lengths.
✔ native slicing retains both old nozzle tables after imported-material expansion (205.417125ms)
✔ raw native 3MF with selected98% profiles matches the captured GUI motions (5847.977583ms)
✔ raw native merged settings retain an active embedded second material when selected slot1 is100% (5015.913166ms)
✔ raw painted mixed material XY mismatch disables all shrinkage after exact native merge (4905.723667ms)
✔ raw native negative parts, modifier settings, material slots and custom layer events survive initialization (4895.459792ms)
✖ geometry-only3MF receives native automatic placement and keeps independent native objects (120028.606917ms)
✔ raw native initialization leaves printer bed adaptation authoritative (8393.936875ms)
✔ generic3MF color resources retain native material assignments during normalization (5487.06025ms)
✔ 3MF carrying native object settings without project globals preserves part overrides through normalization (4246.33525ms)
✔ real native retraction positive-wipe-hop changes paired E and matches native wipe/deposition/travel paths (5165.417333ms)
ℹ /var/folders/j6/8sftlpwx3lvcphslp6_bn6rw0000gn/T/orca-retraction-native-RKMV6M
ℹ positive-wipe-hop: 2196 closed triangles, 39 balanced retraction cycles, 2462 preserved native XYZ/E/F movements, 39 matched native wipe cycles across 4 constant-length slices. No printer contacted.
✔ real native retraction zero-wipe-nohop changes paired E and matches native wipe/deposition/travel paths (1171.443625ms)
ℹ /var/folders/j6/8sftlpwx3lvcphslp6_bn6rw0000gn/T/orca-retraction-native-6N49CT
ℹ zero-wipe-nohop: 2196 closed triangles, 39 balanced retraction cycles, 2393 preserved native XYZ/E/F movements, 39 matched native wipe cycles across 5 constant-length slices. No printer contacted.
✔ real native retraction absolute-no-wipe changes paired E and matches native wipe/deposition/travel paths (967.676458ms)
ℹ /var/folders/j6/8sftlpwx3lvcphslp6_bn6rw0000gn/T/orca-retraction-native-hcr9Bs
ℹ absolute-no-wipe: 2196 closed triangles, 39 balanced retraction cycles, 2308 preserved native XYZ/E/F movements, 0 matched native wipe cycles across 4 constant-length slices. No printer contacted.
✔ native slicing keeps negative volumes aligned after grouped scale, rotation, duplication and arrangement (340.48675ms)
ℹ Both independently duplicated native groups preserve transformed cutouts across 39724 deposited motion segments.
✔ project and legacy upload APIs publish only correctly initialized target plate G-code (5806.579833ms)
✔ second native apply matches all captured positive-shrinkage GUI motions without changing vertices (338.998333ms)
ℹ 9,217 installed-CLI motion commands exactly match the captured native GUI reference; cold CLI retains the independently observed 100-layer discrepancy.
✔ native xy-only initialization preserves source-used materials and expected compensated geometry (318.46875ms)
ℹ xy-only: 100 layers; bounds 20.008×20.008mm; source-used slots 1. GUI reference for this variant remains pending.
✔ native z-only initialization preserves source-used materials and expected compensated geometry (373.332166ms)
ℹ z-only: 102 layers; bounds 19.600×19.600mm; source-used slots 1. GUI reference for this variant remains pending.
✔ native unused-slot initialization preserves source-used materials and expected compensated geometry (311.210125ms)
ℹ unused-slot: 102 layers; bounds 20.008×20.008mm; source-used slots 1. GUI reference for this variant remains pending.
✔ native paint-same initialization preserves source-used materials and expected compensated geometry (426.208084ms)
ℹ paint-same: 102 layers; bounds 20.058×20.096mm; source-used slots 1,2. GUI reference for this variant remains pending.
✔ native range-same initialization preserves source-used materials and expected compensated geometry (319.10725ms)
ℹ range-same: 102 layers; bounds 20.008×20.008mm; source-used slots 1,2. GUI reference for this variant remains pending.
✔ native brim initialization preserves source-used materials and expected compensated geometry (308.57025ms)
ℹ brim: 102 layers; bounds 20.008×20.008mm; source-used slots 1. GUI reference for this variant remains pending.
✔ native support-slot initialization preserves source-used materials and expected compensated geometry (385.168292ms)
ℹ support-slot: 102 layers; bounds 20.008×20.008mm; source-used slots 1,2. GUI reference for this variant remains pending.
✔ native mixed-xy initialization preserves source-used materials and expected compensated geometry (343.296917ms)
✔ changing a single imported volume material overrides stale parent metadata in real native slicing (352.093833ms)
✔ real OrcaSlicer slices an API-uploaded STL with native presets and honors process overrides (6015.652417ms)
✔ sliced support preview consists of real native support paths and responds to manual facet enforcement (285.973959ms)
ℹ 1207 actual native support/interface deposition paths across 33 layers, zero without manual paint.
✔ installed native slicer deposits raised text with a counter and preserves engraved letter cavities (590.388959ms)
ℹ 1882 raised-text deposition segments preserve O's counter; 202 baseline samples occupy the removed engraved ink. Filament 1377.13 → emboss 1422.08, engrave 1437.53 mm.
✔ native manual layer brush increase matches independent source profile toolpaths (257.13275ms)
ℹ increase: 103 native layers and 8967 motion commands exactly match the independent C++ brush profile.
✔ native manual layer brush decrease matches independent source profile toolpaths (230.453708ms)
ℹ decrease: 103 native layers and 9114 motion commands exactly match the independent C++ brush profile.
✔ native manual layer brush reduce matches independent source profile toolpaths (228.679542ms)
ℹ reduce: 103 native layers and 9107 motion commands exactly match the independent C++ brush profile.
✔ native manual layer brush smooth matches independent source profile toolpaths (229.9695ms)
ℹ smooth: 103 native layers and 9129 motion commands exactly match the independent C++ brush profile.
✔ native variable layers cube quality 0.5 match independent native C++ profile (247.919416ms)
ℹ 67 layers and 6115 native motion commands match independent compiled-source profile exactly.
✔ native variable layers pyramid quality 0 match independent native C++ profile (257.372709ms)
ℹ 121 layers and 7396 native motion commands match independent compiled-source profile exactly.
✔ native variable layers pyramid quality 0.25 match independent native C++ profile (227.691667ms)
ℹ 70 layers and 4898 native motion commands match independent compiled-source profile exactly.
✔ native variable layers pyramid quality 0 smoothed match independent native C++ profile (252.644042ms)
ℹ 121 layers and 7396 native motion commands match independent compiled-source profile exactly.
✔ real native VFA unlimited matches independently sliced band speeds, geometry and extrusion (5947.303ms)
ℹ unlimited: 6110 closed native triangles; 7765 effective outer-wall moves match four independent constant-speed native slices, including terminal spiral pass. No printer contacted.
✔ real native VFA flow-capped matches independently sliced band speeds, geometry and extrusion (2152.964708ms)
ℹ flow-capped: 6110 closed native triangles; 7765 effective outer-wall moves match four independent constant-speed native slices, including terminal spiral pass. No printer contacted.
✔ real native VFA slowdown-ramp matches independently sliced band speeds, geometry and extrusion (2045.24825ms)
ℹ slowdown-ramp: 6110 closed native triangles; 7765 effective outer-wall moves match four independent constant-speed native slices, including terminal spiral pass. No printer contacted.
ℹ tests 340
ℹ suites 0
ℹ pass 339
ℹ fail 0
ℹ cancelled 1
ℹ skipped 0
ℹ todo 0
ℹ duration_ms 344949.019708

✖ failing tests:

test at tests/native/raw3mf-shrinkage.test.js:25:1
✖ geometry-only3MF receives native automatic placement and keeps independent native objects (120028.606917ms)
  'test timed out after 120000ms'
