
> orca-web@0.1.0 test:e2e
> playwright test --config playwright.m29.focused.config.js tests/e2e/embedded-preset-labels.spec.js

[WebServer] (node:89050) Warning: The 'NO_COLOR' env is ignored due to the 'FORCE_COLOR' env being set.
[WebServer] (Use `node --trace-warnings ...` to show where the warning was created)

Running 3 tests using 1 worker

(node:89060) Warning: The 'NO_COLOR' env is ignored due to the 'FORCE_COLOR' env being set.
(Use `node --trace-warnings ...` to show where the warning was created)
  ✘  1 tests/e2e/embedded-preset-labels.spec.js:6:35 › embedded preset labels show the active native profiles with no catalog IDs and survive Undo/export (9.2s)
(node:89090) Warning: The 'NO_COLOR' env is ignored due to the 'FORCE_COLOR' env being set.
(Use `node --trace-warnings ...` to show where the warning was created)
  ✘  2 tests/e2e/embedded-preset-labels.spec.js:6:35 › embedded preset labels show the active native profiles with retained catalog IDs and survive Undo/export (8.3s)
(node:89150) Warning: The 'NO_COLOR' env is ignored due to the 'FORCE_COLOR' env being set.
(Use `node --trace-warnings ...` to show where the warning was created)
  ✓  3 tests/e2e/embedded-preset-labels.spec.js:15:1 › empty preset selectors distinguish loading from a completed catalog failure and recover on reload (2.1s)


  1) tests/e2e/embedded-preset-labels.spec.js:6:35 › embedded preset labels show the active native profiles with no catalog IDs and survive Undo/export 

    Error: expect(locator).toHaveText(expected) failed

    Locator:  getByLabel('Printer', { exact: true }).locator('option:checked')
    Expected: "Prusa MK4 0.4 nozzle(orca-2.4.2-cube.3mf)"
    Received: "Loading presets…"
    Timeout:  5000ms

    Call log:
      - Expect "toHaveText" getByLabel('Printer', { exact: true }).locator('option:checked') with timeout 5000ms
      - waiting for getByLabel('Printer', { exact: true }).locator('option:checked')
        13 × locator resolved to <option value="">Loading presets…</option>
           - unexpected value "Loading presets…"


       8 |  const printer=project.nativeSettings.printer_settings_id,process=project.nativeSettings.print_settings_id;
       9 |  await page.goto('/');await expect(page.getByLabel('Layer height',{exact:true})).toBeEnabled();await page.getByLabel('Open Orca Web project').setInputFiles({name:'embedded-labels.json',mimeType:'application/json',buffer:Buffer.from(JSON.stringify(project))});await expect(page.getByText('Embedded native presets',{exact:true})).toBeVisible();
    > 10 |  for(const [label,name]of[['Printer',printer],['Process preset',process],['Print profile',process]]){await expect(selected(page,label)).toHaveText(name);await expect(page.getByLabel(label,{exact:true})).toBeDisabled();await expect(page.getByLabel(label,{exact:true})).toHaveAttribute('title','Using the project’s embedded preset');}
         |                                                                                                                                         ^
      11 |  await page.getByLabel('Layer height',{exact:true}).fill('0.12');await page.getByRole('button',{name:'Project',exact:true}).click();const downloading=page.waitForEvent('download');await page.getByRole('button',{name:'Export native project',exact:true}).click();const exported=importNative3MF(await readFile(await(await downloading).path()));expect(exported.nativeSettings.printer_settings_id).toBe(printer);expect(exported.nativeSettings.print_settings_id).toBe(process);expect(exported.nativeSettings.layer_height).toBe('0.12');
      12 |  await page.getByRole('button',{name:'Prepare',exact:true}).click();await page.getByRole('button',{name:'Use installed presets',exact:true}).click();await expect(page.getByLabel('Printer',{exact:true})).toBeEnabled();await expect(selected(page,'Printer')).toHaveText(catalog.printers.find(p=>p.id===catalog.defaults.printerId).name);await expect(selected(page,'Process preset')).toHaveText(catalog.processes.find(p=>p.id===catalog.defaults.processId).name);
      13 |  await page.getByRole('button',{name:'Undo',exact:true}).click();await expect(page.getByText('Embedded native presets',{exact:true})).toBeVisible();await expect(selected(page,'Printer')).toHaveText(printer);await expect(selected(page,'Process preset')).toHaveText(process);await expect(selected(page,'Print profile')).toHaveText(process);
        at /private/tmp/orca-implementation/m29-preset-labels-stage/tests/e2e/embedded-preset-labels.spec.js:10:137

    Error Context: test-results/browser-4175/embedded-preset-labels-emb-6606f-IDs-and-survive-Undo-export/error-context.md

    attachment #2: trace (application/zip) ─────────────────────────────────────────────────────────
    test-results/browser-4175/embedded-preset-labels-emb-6606f-IDs-and-survive-Undo-export/trace.zip
    Usage:

        npx playwright show-trace test-results/browser-4175/embedded-preset-labels-emb-6606f-IDs-and-survive-Undo-export/trace.zip

    ────────────────────────────────────────────────────────────────────────────────────────────────

  2) tests/e2e/embedded-preset-labels.spec.js:6:35 › embedded preset labels show the active native profiles with retained catalog IDs and survive Undo/export 

    Error: expect(locator).toHaveText(expected) failed

    Locator:  getByLabel('Printer', { exact: true }).locator('option:checked')
    Expected: "Prusa MK4 0.4 nozzle(orca-2.4.2-cube.3mf)"
    Received: "Test Printer A"
    Timeout:  5000ms

    Call log:
      - Expect "toHaveText" getByLabel('Printer', { exact: true }).locator('option:checked') with timeout 5000ms
      - waiting for getByLabel('Printer', { exact: true }).locator('option:checked')
        14 × locator resolved to <option value="machine-6a83ac319b6c4eb3f4c9">Test Printer A</option>
           - unexpected value "Test Printer A"


       8 |  const printer=project.nativeSettings.printer_settings_id,process=project.nativeSettings.print_settings_id;
       9 |  await page.goto('/');await expect(page.getByLabel('Layer height',{exact:true})).toBeEnabled();await page.getByLabel('Open Orca Web project').setInputFiles({name:'embedded-labels.json',mimeType:'application/json',buffer:Buffer.from(JSON.stringify(project))});await expect(page.getByText('Embedded native presets',{exact:true})).toBeVisible();
    > 10 |  for(const [label,name]of[['Printer',printer],['Process preset',process],['Print profile',process]]){await expect(selected(page,label)).toHaveText(name);await expect(page.getByLabel(label,{exact:true})).toBeDisabled();await expect(page.getByLabel(label,{exact:true})).toHaveAttribute('title','Using the project’s embedded preset');}
         |                                                                                                                                         ^
      11 |  await page.getByLabel('Layer height',{exact:true}).fill('0.12');await page.getByRole('button',{name:'Project',exact:true}).click();const downloading=page.waitForEvent('download');await page.getByRole('button',{name:'Export native project',exact:true}).click();const exported=importNative3MF(await readFile(await(await downloading).path()));expect(exported.nativeSettings.printer_settings_id).toBe(printer);expect(exported.nativeSettings.print_settings_id).toBe(process);expect(exported.nativeSettings.layer_height).toBe('0.12');
      12 |  await page.getByRole('button',{name:'Prepare',exact:true}).click();await page.getByRole('button',{name:'Use installed presets',exact:true}).click();await expect(page.getByLabel('Printer',{exact:true})).toBeEnabled();await expect(selected(page,'Printer')).toHaveText(catalog.printers.find(p=>p.id===catalog.defaults.printerId).name);await expect(selected(page,'Process preset')).toHaveText(catalog.processes.find(p=>p.id===catalog.defaults.processId).name);
      13 |  await page.getByRole('button',{name:'Undo',exact:true}).click();await expect(page.getByText('Embedded native presets',{exact:true})).toBeVisible();await expect(selected(page,'Printer')).toHaveText(printer);await expect(selected(page,'Process preset')).toHaveText(process);await expect(selected(page,'Print profile')).toHaveText(process);
        at /private/tmp/orca-implementation/m29-preset-labels-stage/tests/e2e/embedded-preset-labels.spec.js:10:137

    Error Context: test-results/browser-4175/embedded-preset-labels-emb-369b1-IDs-and-survive-Undo-export/error-context.md

    attachment #2: trace (application/zip) ─────────────────────────────────────────────────────────
    test-results/browser-4175/embedded-preset-labels-emb-369b1-IDs-and-survive-Undo-export/trace.zip
    Usage:

        npx playwright show-trace test-results/browser-4175/embedded-preset-labels-emb-369b1-IDs-and-survive-Undo-export/trace.zip

    ────────────────────────────────────────────────────────────────────────────────────────────────

  2 failed
    tests/e2e/embedded-preset-labels.spec.js:6:35 › embedded preset labels show the active native profiles with no catalog IDs and survive Undo/export 
    tests/e2e/embedded-preset-labels.spec.js:6:35 › embedded preset labels show the active native profiles with retained catalog IDs and survive Undo/export 
  1 passed (24.8s)
