
> orca-web@0.1.0 test:e2e
> playwright test --workers=2

[WebServer] (node:2596) Warning: The 'NO_COLOR' env is ignored due to the 'FORCE_COLOR' env being set.
[WebServer] (Use `node --trace-warnings ...` to show where the warning was created)

Running 290 tests using 2 workers

(node:2611) Warning: The 'NO_COLOR' env is ignored due to the 'FORCE_COLOR' env being set.
(Use `node --trace-warnings ...` to show where the warning was created)
(node:2612) Warning: The 'NO_COLOR' env is ignored due to the 'FORCE_COLOR' env being set.
(Use `node --trace-warnings ...` to show where the warning was created)
  ✓    1 tests/e2e/brim-ear-tools.spec.js:4:1 › automatic ears use native angle defaults, append without duplicates, resize selection, and undo/cancel atomically (6.3s)
  ✓    2 tests/e2e/advanced-painting.spec.js:7:1 › clipped view filters ray hits and overhang-only constraints block top painting (10.0s)
  ✓    3 tests/e2e/brim-ear-tools.spec.js:5:1 › canvas adds on model only, native diameter wheel/keyboard deletion work and section view clips the preview (9.4s)
  ✓    4 tests/e2e/advanced-painting.spec.js:12:1 › native gap-fill preview uses connected states and Undo restores exact imported subdivisions (8.2s)
  ✓    5 tests/e2e/brim-ear-tools.spec.js:6:1 › visible ear rectangles select and deselect; dragging and right-click removal have independent local undo (9.1s)
  ✓    6 tests/e2e/advanced-painting.spec.js:16:1 › current-subfacet and bucket controls preserve boundaries while invalid native brush radius leaves data unchanged (11.6s)
  ✓    7 tests/e2e/brim-ears.spec.js:2:1 › brim ears render at edited coordinates, export native metadata, cancel and undo atomically (7.2s)
  ✓    9 tests/e2e/calibration-dialog.spec.js:15:1 › calibration dialog submits numeric user parameters and passes the prepared scene to its callback (283ms)
  ✓   10 tests/e2e/calibration-dialog.spec.js:24:1 › unsupported retraction preset combinations fail visibly without committing a scene (282ms)
  ✓   11 tests/e2e/calibration-dialog.spec.js:28:1 › native preparation errors remain visible without committing a calibration (247ms)
  ✓   12 tests/e2e/calibration-dialog.spec.js:36:1 › input shaping exposes native model selection and sends axis ranges without unused tower step fields (226ms)
  ✓   13 tests/e2e/calibration-dialog.spec.js:44:1 › damping mode supplies measured frequencies and native default range (306ms)
  ✓   14 tests/e2e/calibration-dialog.spec.js:51:1 › input shaper choices follow the printer firmware and RepRap uses shared axes (292ms)
  ✓   15 tests/e2e/calibration-dialog.spec.js:59:1 › unsupported legacy firmware is visible and cannot generate input shaping (153ms)
  ✓    8 tests/e2e/brush-strokes.spec.js:6:1 › a sparse pointer drag paints one continuous native capsule strip and keeps the support legend legible (4.4s)
  ✓   16 tests/e2e/calibration-dialog.spec.js:63:1 › cornering selects native SCV geometry and submits a continuous jerk range without a step (307ms)
  ✓   18 tests/e2e/calibration-dialog.spec.js:71:1 › positive Marlin junction deviation changes cornering defaults and visible units (149ms)
  ✓   19 tests/e2e/calibration-dialog.spec.js:76:1 › flow generation submits a native method and top pattern without tower parameters (300ms)
  ✓   20 tests/e2e/calibration-dialog.spec.js:83:1 › VFA exposes native band defaults, flow-limit and timing information, and submits a prepared tower (313ms)
  ✓   21 tests/e2e/calibration-dialog.spec.js:88:1 › maximum volumetric dialog sends native flow units/defaults and explains generated limits (285ms)
  ✓   22 tests/e2e/calibration-dialog.spec.js:94:1 › retraction dialog submits source defaults and exposes actual E and timing limitations (241ms)
  ✓   23 tests/e2e/calibration-dialog.spec.js:100:1 › PA line mode submits the native numbered-tab choice and explains the preview asset (242ms)
  ✓   24 tests/e2e/calibration-dialog.spec.js:104:1 › PA lines surface native template incompatibility without presenting ordinary geometry as a calibration (246ms)
  ✓   17 tests/e2e/calibration-project-export.spec.js:10:1 › native calibration export sends exact token/IDs/objects and downloads all four generated command layers (1.8s)
  ✓   25 tests/e2e/calibration-dialog.spec.js:108:1 › PA pattern batch fields preserve typed separators and submit numeric-list inputs with native defaults (256ms)
  ✓   27 tests/e2e/calibration-dialog.spec.js:112:1 › an individual oversized PA pattern shows its bed constraint without replacing the scene (261ms)
  ✓   28 tests/e2e/calibration-result.spec.js:4:1 › flow result requires explicit specimen choice, shows computed value and saves a newly named preset (264ms)
  ✓   29 tests/e2e/calibration-result.spec.js:10:1 › expired flow results remain visible and do not select or save a guessed preset (278ms)
  ✓   30 tests/e2e/calibration-result.spec.js:14:1 › saving a measured result disables duplicate submission and dismissal until the mutation completes (199ms)
  ✓   31 tests/e2e/calibration-result.spec.js:19:422 › temperature result requires explicit bounded entry, explains native changes and saves its numeric value (221ms)
  ✓   32 tests/e2e/calibration-result.spec.js:19:422 › pressure-advance result requires explicit bounded entry, explains native changes and saves its numeric value (291ms)
  ✓   26 tests/e2e/calibration-project-export.spec.js:11:1 › expired native calibration export fails visibly without falling back to handle-only geometry (1.9s)
  ✓   33 tests/e2e/calibration-result.spec.js:19:422 › pressure-advance-line result requires explicit bounded entry, explains native changes and saves its numeric value (282ms)
  ✓   35 tests/e2e/calibration-result.spec.js:19:422 › pressure-advance-pattern result requires explicit bounded entry, explains native changes and saves its numeric value (280ms)
  ✓   36 tests/e2e/calibration-result.spec.js:19:422 › retraction result requires explicit bounded entry, explains native changes and saves its numeric value (232ms)
  ✓   37 tests/e2e/calibration-result.spec.js:19:422 › max-volumetric-speed result requires explicit bounded entry, explains native changes and saves its numeric value (243ms)
  ✓   38 tests/e2e/calibration-result.spec.js:22:1 › unsupported calibration results never invent a value or enable saving (104ms)
  ✓   34 tests/e2e/calibration-project-export.spec.js:12:1 › ordinary JSON save remains a scene file and explains calibration token persistence limits (1.5s)
  ✓   39 tests/e2e/calibration.spec.js:7:1 › retraction is available and rejected calibration requests leave the scene intact (1.4s)
  ✓   41 tests/e2e/cut-to-parts.spec.js:11:1 › ordinary Cut to parts keeps one native object, clears incompatible controls and applies one reversible transaction (4.6s)
  ✓   40 tests/e2e/cut-connectors.spec.js:4:1 › connector editor creates native plug and hole parts, preserves save/load and undo (8.5s)
  ✓   42 tests/e2e/cut-to-parts.spec.js:12:1 › linked Cut to parts retains uncut helpers once per instance and exports one shared native family (6.5s)
  ✓   43 tests/e2e/cut-connectors.spec.js:8:1 › dowels become separate bed-contact groups; invalid connector edits block application (7.1s)
  ✓   44 tests/e2e/cut-to-parts.spec.js:13:1 › connectors and dovetail disable Cut to parts; missing native helper refuses an ordinary combined cut without edits (3.9s)
  ✓   46 tests/e2e/cut.spec.js:10:1 › cut preview shows real closed halves, applies placement and supports undo (3.6s)
  ✓   45 tests/e2e/cut-connectors.spec.js:11:1 › repeated cut synchronizes existing family peers atomically and preserves painting consent (5.6s)
  ✓   48 tests/e2e/devices.spec.js:24:1 › connection form saves typed configuration and preserves a stored API key when editing (1.6s)
  ✓   47 tests/e2e/cut.spec.js:22:1 › invalid cut planes block apply, and custom normal can retain one real capped side (4.1s)
  ✓   49 tests/e2e/devices.spec.js:42:1 › uploads and print starts show target and job details and require the chosen confirmation (1.3s)
  ✓   51 tests/e2e/devices.spec.js:62:1 › status capabilities and active print state gate motion, heaters, pause and resume (1.1s)
  ✓   52 tests/e2e/devices.spec.js:79:1 › failed status disables commands and deleting a connection needs confirmation (1.2s)
  ✓   50 tests/e2e/cut.spec.js:29:1 › native grouped cut keeps negative and modifier parts with matching object overrides on both halves (3.9s)
  ✓   53 tests/e2e/dovetail.spec.js:4:1 › dovetail controls produce closed mating groups with real clearances and retain native family metadata (1.2s)
  ✓   55 tests/e2e/dovetail.spec.js:5:1 › repeated groove controls affect generated geometry; invalid fits and values block mutation (1.6s)
  ✓   54 tests/e2e/cut.spec.js:39:1 › mirror action reflects asymmetric surfaces with outward winding and undo restores geometry (2.3s)
  ✓   56 tests/e2e/dovetail.spec.js:6:1 › dovetail preserves explicit painting-loss consent and planar connector mode remains usable (1.7s)
  ✓   57 tests/e2e/editor.spec.js:29:1 › actual geometry transforms, undo/redo, camera views and STL export stay consistent (2.9s)
  ✓   58 tests/e2e/embedded-preset-labels.spec.js:6:35 › embedded preset labels show the active native profiles with no catalog IDs and survive Undo/export (4.4s)
  ✓   59 tests/e2e/editor.spec.js:53:1 › multiple models, duplicates, arrangement and plate selection use separate actual geometry (3.0s)
  ✓   61 tests/e2e/editor.spec.js:75:1 › project save and reload preserve transformed assets, metadata, plates and process edits (2.8s)
  ✓   60 tests/e2e/embedded-preset-labels.spec.js:6:35 › embedded preset labels show the active native profiles with retained catalog IDs and survive Undo/export (3.9s)
  ✓   63 tests/e2e/embedded-preset-labels.spec.js:15:1 › empty preset selectors distinguish loading from a completed catalog failure and recover on reload (1.3s)
  ✓   62 tests/e2e/editor.spec.js:97:1 › autosave recovery, settings undo, keyboard shortcuts and theme controls remain usable (4.0s)
  ✓   65 tests/e2e/editor.spec.js:121:1 › malformed geometry and invalid projects do not replace a valid scene (1.3s)
  ✓   66 tests/e2e/editor.spec.js:131:1 › undo and redo restore printer-specific preset choices without losing history (2.9s)
  ✓   67 tests/e2e/editor.spec.js:151:1 › missing project presets remain unresolved instead of silently changing slicing configuration (1.9s)
  ✓   68 tests/e2e/editor.spec.js:163:1 › starting a new project invalidates an older unfinished model import (994ms)
  ✓   69 tests/e2e/editor.spec.js:184:1 › assembly, shell splitting, repair and undo operate on the actual scene surfaces (2.6s)
  ✓   64 tests/e2e/filament-remap.spec.js:6:1 › native group remap changes real facet and base colors, while pending Reset and Undo restore exact metadata (11.7s)
  ✓   70 tests/e2e/editor.spec.js:200:1 › unsaved replacement can be cancelled or saved, and modal focus stays inside the dialog (2.1s)
  ✓   71 tests/e2e/filament-sequence.spec.js:4:1 › filament order editor exports first-layer and overlapping interval settings on the selected plate (3.3s)
  ✓   72 tests/e2e/filament-slots.spec.js:5:1 › filament slots, part assignments and directed purge volumes persist into native 3MF (2.9s)
  ✓   73 tests/e2e/filament-sequence.spec.js:8:1 › filament order rejects duplicate or omitted slots and cancel leaves metadata unchanged (2.9s)
  ✓   74 tests/e2e/filament-slots.spec.js:26:1 › the single primary filament selector persists its choice after unused-slot deletion (3.3s)
  ✓   75 tests/e2e/filament-sequence.spec.js:11:1 › resetting filament order and undo restore native first-layer settings (2.6s)
  ✓   76 tests/e2e/generated-pattern-guard.spec.js:4:1 › fixed-path imported calibration rejects destructive browser edits while retaining export and benign renaming (2.1s)
  ✓   78 tests/e2e/importers.spec.js:4:1 › SVG extrusion options produce real dimensions and geometry that survive project saving (1.4s)
  ✓   77 tests/e2e/height-ranges.spec.js:6:1 › height editor applies native ranges to every grouped part and retains overrides through native export (3.2s)
  ✓   79 tests/e2e/importers.spec.js:17:1 › STEP production worker loads the local OpenCascade WASM and creates editable geometry (1.4s)
  ✓   80 tests/e2e/height-ranges.spec.js:12:1 › height editor rejects invalid ranges and nozzle bounds, supports inheritance and cancel without changing project (2.8s)
  ✓   81 tests/e2e/layer-events.spec.js:12:1 › per-plate pause and multiline G-code events survive browser edit and native archive export (2.4s)
  ✓   83 tests/e2e/layer-events.spec.js:37:1 › duplicate heights and empty custom commands are rejected; cancellation preserves saved events (2.4s)
  ✓   82 tests/e2e/height-ranges.spec.js:15:1 › removing the last saved range restores ordinary object settings through undo and redo (4.5s)
  ✓   85 tests/e2e/native-arrangement.spec.js:5:1 › arrangement options submit native choices and one Undo restores the placement (1.7s)
  ✓   84 tests/e2e/multi-selection.spec.js:8:1 › tree toggles and ranges select complete targets, shortcuts respect text inputs, and single-object tools cannot mutate the primary (3.2s)
  ✓   86 tests/e2e/native-arrangement.spec.js:6:1 › cancelled native arrangement leaves placement and Undo history intact (1.4s)
  ✓   88 tests/e2e/native-arrangement.spec.js:7:1 › editing while native arrangement is pending rejects stale output instead of overwriting changes (1.2s)
  ✓   89 tests/e2e/native-arrangement.spec.js:8:1 › unavailable native helper reports an actionable error without synthetic placement (1.1s)
  ✓   87 tests/e2e/multi-selection.spec.js:13:1 › joint numeric transforms survive project save/reload and undo; center/drop and batch duplicate/delete preserve relative geometry (4.3s)
  ✓   90 tests/e2e/native-assets.spec.js:4:1 › native GUI image assets survive web save and unchanged native export, while edited geometry omits outdated thumbnails (3.5s)
  ✓   91 tests/e2e/multi-selection.spec.js:18:1 › canvas Cmd/Ctrl click toggles hit objects and Shift rectangle picks visible depth IDs instead of occluded bounds (4.9s)
  ✓   92 tests/e2e/native-clipboard-instances.spec.js:8:1 › process clipboard updates all linked instances atomically while retaining their native geometry and Undo (5.3s)
  ✓   93 tests/e2e/multi-selection.spec.js:23:1 › rectangle adds with control, modifier-only hits stay in part scope, and the saved scope survives reload (6.5s)
  ✓   94 tests/e2e/native-clipboard.spec.js:7:1 › mocked Copy/Paste retains model names and original clipboard snapshot with one undo (3.9s)
  ✓   96 tests/e2e/native-clipboard.spec.js:8:1 › mocked Clone dialog creates requested copies atomically and Enter submits (1.8s)
  ✓   95 tests/e2e/multi-selection.spec.js:26:1 › joint gizmo translation updates both meshes in a single history step (3.5s)
  ✓   97 tests/e2e/native-clipboard.spec.js:9:1 › mocked cancelled Clone cannot commit a late worker response or add an undo entry (3.6s)
  ✓   99 tests/e2e/native-clipboard.spec.js:10:1 › unavailable worker is explicit and native clipboard shortcuts leave form text editing alone (1.6s)
  ✓  100 tests/e2e/native-clipboard.spec.js:12:1 › mocked part Clone repeats the original selected volume and keeps a single destination group (3.1s)
  ✓   98 tests/e2e/multi-selection.spec.js:30:71 › retina selection › rectangle ID picking uses backing pixels and keeps hidden and occluded objects out (7.3s)
  ✓  102 tests/e2e/native-cut-clipboard.spec.js:4:1 › Cut removes a model in one Undo while its model clipboard survives Undo and text fields keep local Cut (2.0s)
  ✓  101 tests/e2e/native-clipboard.spec.js:14:2 › Clone auto-arrange keeps native separate Clone and Arrange undo steps (3.8s)
  ✓  103 tests/e2e/native-cut-clipboard.spec.js:5:1 › processed cut cancellation keeps geometry and part invalidation requires a second Cut, with independent Undo (2.7s)
  ✓  104 tests/e2e/native-display-preferences.spec.js:4:1 › native Units labels apply immediately, persist after reload, and leave project settings intact (1.8s)
  ✓  106 tests/e2e/native-display-preferences.spec.js:13:1 › invalid stored Units fall back to metric and storage failures retain a visible session-only change (1.2s)
  ✓  107 tests/e2e/native-display-preferences.spec.js:17:1 › Preferences shortcut respects focused text inputs and an already open dialog (1.1s)
  ✓  105 tests/e2e/native-emboss.spec.js:9:1 › native glyph metadata persists through browser transforms, JSON save and validated native export (3.3s)
  ✓  108 tests/e2e/native-fill-bed.spec.js:7:1 › Fill uses its dedicated API, keeps native names/selection, then commits separate Arrange undo step (4.0s)
  ✓  109 tests/e2e/native-emboss.spec.js:14:1 › split and repair prepare results but retain native text until consent; undo restores metadata (5.9s)
  ✓  110 tests/e2e/native-fill-bed.spec.js:8:1 › Cancel aborts Fill and a late response cannot add instances or history (3.3s)
  ✓  112 tests/e2e/native-fill-bed.spec.js:9:1 › Native Fill tower-size errors remain visible without changing the model (1.5s)
  ✓  111 tests/e2e/native-emboss.spec.js:20:1 › assembly and native cut explicitly require metadata-loss consent (5.0s)
  ✓  113 tests/e2e/native-instance-cut.spec.js:6:1 › linked Cut previews both peer families, requires painting consent and commits one native identity/selection/Undo transaction (7.4s)
  ✓  114 tests/e2e/native-emboss.spec.js:26:1 › topology consent blocks document shortcuts and cancellation preserves native text and undo history (5.3s)
  ✓  115 tests/e2e/native-instance-cut.spec.js:7:1 › native Cut flags submit current choices, while cancellation discards a late preview and keeps history unchanged (5.0s)
  ✓  116 tests/e2e/native-instance-edits.spec.js:4:1 › part edits propagate through rotated peers in one Undo entry and survive native export (6.1s)
  ✓  117 tests/e2e/native-instance-cut.spec.js:8:1 › unavailable native linked Cut refuses mutation and gives the native error without cutting one peer (4.3s)
  ✓  118 tests/e2e/native-instance-edits.spec.js:5:1 › native part settings and names update the shared model while instance deletion stays local (5.2s)
  ✓  119 tests/e2e/native-instance-cut.spec.js:10:1 › browser bed contract cuts linked instances across two plates without changing their plate-local placement (5.1s)
  ✓  120 tests/e2e/native-instance-edits.spec.js:6:1 › part deletion removes shared volume from peers atomically and leaves one native object resource (3.6s)
  ✓  121 tests/e2e/native-layout.spec.js:2:1 › Prepare presents one material selector, native icon controls and a settings panel that uses available height (2.4s)
  ✓  122 tests/e2e/native-motion-shader.spec.js:2:1 › travel/wipe/extrusion tubes match original native GLSL eye positions and lighting through corner, vertical, cusp and bias branches (1.7s)
  ✓  124 tests/e2e/native-parts.spec.js:20:1 › object and part overrides use native scopes, inherit values and survive project export (3.8s)
  ✓  123 tests/e2e/native-object-tree.spec.js:7:1 › shared hierarchy replaces repeated flat part rows and selects parts on the selected instance (4.7s)
  ✓  125 tests/e2e/native-parts.spec.js:44:1 › regrouping adopts object settings and unsupported standalone modifiers are rejected without saving (2.6s)
  ✓  126 tests/e2e/native-object-tree.spec.js:8:1 › printability changes one instance, preserves visibility, supports Undo/Redo and native project export (4.0s)
  ✓  127 tests/e2e/native-parts.spec.js:55:1 › resetting an override restores inheritance and invalid values stay in the editor (2.5s)
  ✓  129 tests/e2e/native-project.spec.js:7:1 › native project import preserves embedded settings and exports edited settings back to native 3MF (1.7s)
  ✓  128 tests/e2e/native-object-tree.spec.js:9:1 › part and height range settings actions target the clicked scope; reset is one reversible shared edit (2.6s)
  ✓  130 tests/e2e/native-project.spec.js:24:1 › embedded native projects slice through the project endpoint without replacing unmatched presets (2.4s)
  ✓  131 tests/e2e/native-object-tree.spec.js:10:1 › cross-plate instance rows activate their saved plate while collapse and keyboard navigation do not edit history (2.1s)
  ✓  133 tests/e2e/native-object-tree.spec.js:12:1 › native context Hide/Show changes visibility only and remains reversible (3.2s)
  ✓  132 tests/e2e/native-project.spec.js:35:1 › explicitly switching an unmatched native project to installed presets enables compatible replacement choices (3.2s)
  ✓  134 tests/e2e/native-scalar-shader.spec.js:2:1 › seven native scalar modes preserve original endpoint colors through actual instanced buffers and native GLSL lighting (2.3s)
  ✓  135 tests/e2e/native-project.spec.js:47:1 › fresh native GUI project imports, exports and slices with its embedded filament visual metadata (3.9s)
  ✓  137 tests/e2e/native-shortcuts.spec.js:5:1 › native Open/Import shortcuts choose distinct file inputs and saving stays functional (1.1s)
  ✓  138 tests/e2e/native-shortcuts.spec.js:6:1 › native Delete All spans all plates and undo restores geometry and plate membership (1.8s)
  ✓  136 tests/e2e/native-settings-clipboard.spec.js:5:1 › Copy/Paste Process Settings uses native replacement and preserves destination filament, independent clipboard and Undo (4.9s)
  ✓  139 tests/e2e/native-shortcuts.spec.js:7:1 › modal editors and focused fields block scene shortcuts while native nudge and camera commands act on Prepare (2.4s)
  ✓  141 tests/e2e/native-shortcuts.spec.js:8:1 › native tool keys open the correct editor and avoid changing tool state beneath open dialogs (2.6s)
  ✓  140 tests/e2e/native-settings-clipboard.spec.js:6:1 › height clipboard accumulates selected rows, preserves equal-bound destination overrides and restores with Undo (6.1s)
  ✓  142 tests/e2e/native-shortcuts.spec.js:9:1 › native slice and G-code export shortcuts follow actual job readiness (2.2s)
  ✓  144 tests/e2e/native-svg.spec.js:7:1 › mocked native SVG creation submits source bytes and settings, embeds editing metadata and supports undo (2.9s)
  ✓  143 tests/e2e/native-settings-clipboard.spec.js:7:1 › failed native process Paste leaves the project intact and releases the busy dialog (3.6s)
  ✓  145 tests/e2e/native-svg.spec.js:8:1 › unchanged imported SVG closes without generating or modifying mesh/paint/history; source export is exact (3.6s)
  ✓  146 tests/e2e/native-text.spec.js:6:1 › mocked native editor submits typed settings and stores native metadata with undo (6.0s)
  ✓  147 tests/e2e/native-svg.spec.js:9:1 › SVG regeneration validates depth and requires painting consent, with undo restoring original metadata (5.1s)
  ✓  148 tests/e2e/native-text.spec.js:7:1 › mocked editor cancel preserves metadata, geometry and history (5.0s)
  ✓  149 tests/e2e/native-svg.spec.js:10:1 › unavailable SVG helper permits unchanged close and refuses actual regeneration (2.5s)
  ✓  150 tests/e2e/native-text.spec.js:8:1 › unavailable native helper exposes actionable build message and permits unchanged close only (3.6s)
  ✓  152 tests/e2e/native-text.spec.js:10:1 › mocked native regeneration requires explicit painting-loss consent before committing new triangles (5.2s)
  ✓  153 tests/e2e/native-text.spec.js:12:1 › unchanged native text keeps the captured mesh, painting and existing undo history without a worker job (6.7s)
  ✓  154 tests/e2e/native-text.spec.js:13:1 › explicit native regeneration is separate from unchanged close and per-glyph carries source geometry (5.5s)
  ✓  155 tests/e2e/native-text.spec.js:14:1 › new native text uses the installed-font helper, persists editing metadata and supports undo (3.5s)
  ✓  151 tests/e2e/native-tool-marker-shader.spec.js:2:1 › native hotend geometry uses original Gouraud shader position and lighting for every asset vertex (27.6s)
  ✓  156 tests/e2e/native-text.spec.js:15:1 › new native engraved surface text is a grouped negative part with an explicit placement (4.5s)
  ✓  158 tests/e2e/pa-pattern-multiplate.spec.js:13:1 › generated batch keeps plate assignments and submits the full bound scene with the selected plate (1.9s)
  ✓  159 tests/e2e/pa-pattern-multiplate.spec.js:14:1 › selected calibration 3MF export has four complete layers and native project export keeps both plates (1.9s)
  ✓  157 tests/e2e/object-groups.spec.js:14:1 › object transforms, arrangement and duplication preserve coherent native groups and editing frames (6.0s)
  ✓  160 tests/e2e/pa-pattern-multiplate.spec.js:15:1 › imported complete generated batch permits plate switching and selected export while blocking geometry edits (3.2s)
  ✓  161 tests/e2e/object-groups.spec.js:24:1 › part scope isolates the selected volume and prevents deleting the last normal part (6.7s)
  ✓  162 tests/e2e/paint-clipping.spec.js:2:1 › view clipping follows reset direction, renders real section caps and never paints generated caps (5.1s)
  ✓  163 tests/e2e/object-groups.spec.js:30:1 › viewport creates actual translucent role materials and shows a group transform proxy (3.2s)
  ✓  164 tests/e2e/paint-cursor.spec.js:3:1 › brush cursors use real ray hits and height contours without changing paint on hover (7.1s)
  ✓  165 tests/e2e/paint-fill-preview.spec.js:6:1 › smart fill hover shows the current-state region and white boundary without creating undo or painting (5.8s)
  ✓  166 tests/e2e/paint-interactions.spec.js:4:1 › native painter buttons and Shift erase operate on the hit part with independent channel undo (6.8s)
  ✓  167 tests/e2e/paint-fill-preview.spec.js:7:1 › pointer and bucket hover recompute on tool, clipping and overhang restrictions without a mouse click (8.1s)
  ✓  168 tests/e2e/paint-interactions.spec.js:5:1 › modifier wheel adjusts native controls and clipping without painting or browser zoom (6.4s)
  ✓  169 tests/e2e/paint-fill-preview.spec.js:10:1 › fill hover clears between native normal parts and highlights only the current hit state (6.3s)
  ✓  170 tests/e2e/paint-interactions.spec.js:6:1 › color strokes lock screen direction and a new stroke starts at its actual pointer (7.6s)
  ✓  171 tests/e2e/paint-object-group.spec.js:5:1 › painting follows either normal-part hit and native height range covers the whole object with one undo (10.2s)
  ✓  172 tests/e2e/painting-preservation.spec.js:11:1 › split and safe repair preserve painted regions, while cut requires explicit clearing consent (6.5s)
  ✓  174 tests/e2e/painting-preservation.spec.js:17:1 › repair refuses ambiguous painted duplicate deletion and leaves the project unchanged (4.1s)
  ✓  173 tests/e2e/painting.spec.js:11:1 › raycast painting refines actual surface regions, preserves channels and geometry, and supports undo (7.3s)
  ✓  175 tests/e2e/painting-preservation.spec.js:20:1 › regenerating painted editable text needs explicit clearing consent (3.3s)
  ✓  176 tests/e2e/painting.spec.js:19:1 › imported native subfacets render exactly and survive reflection and native project export (4.0s)
  ✓  177 tests/e2e/plate-shrinkage.spec.js:6:1 › embedded full material vectors change actual layer texture while unused mismatches retain source compensation warning (4.1s)
  ✓  179 tests/e2e/plate-shrinkage.spec.js:11:1 › catalog preview waits for every deduplicated material request and uses the second slot instead of first-slot presentation (3.4s)
  ✓  180 tests/e2e/plate-shrinkage.spec.js:16:1 › a missing material prevents an inaccurate preview and close cancels pending reads without changing the project (2.8s)
  ✓  178 tests/e2e/painting.spec.js:28:1 › connected fill, erase, channel clearing and cancellation edit only the intended channel (9.0s)
  ✓  181 tests/e2e/prepare-keyboard.spec.js:6:1 › camera-relative arrows follow the selected camera, project to bed, and held movement is one undo (1.8s)
  ✓  182 tests/e2e/preset-compatibility.spec.js:5:1 › process selection and Undo each refresh the native material compatibility context (2.4s)
  ✓  184 tests/e2e/preset-compatibility.spec.js:12:1 › opening an embedded native project keeps ownership of its pending catalog load (2.3s)
  ✓  183 tests/e2e/prepare-keyboard.spec.js:14:1 › native material number sequence selects10–16, delayed1/default0, rejects unavailable slots, and respects modal/text focus (3.7s)
  ✓  185 tests/e2e/preset-dependencies.spec.js:6:1 › native dependency editor retains unavailable names on Cancel, All retains dormant condition, and saved JSON preserves both (924ms)
  ✓  187 tests/e2e/preset-dependencies.spec.js:12:1 › false imported dependency can be repaired in the editor and native configuration rejects it until saved (993ms)
  ✓  186 tests/e2e/prepare-keyboard.spec.js:22:1 › one material command changes multiple selected objects with one undo and printableV preserves a uniform group state (3.1s)
  ✓  188 tests/e2e/preset-inheritance.spec.js:8:1 › parent-relative reset saves native differences and exported JSON retains its parent (1.3s)
  ✓  190 tests/e2e/preset-inheritance.spec.js:14:1 › a native root with children reports rename and delete conflicts without losing its saved document (630ms)
  ✓  191 tests/e2e/preview-inspector.spec.js:4:1 › native legend colors hide only the selected role and preserve the current original source position (1.8s)
  ✓  192 tests/e2e/preview-inspector.spec.js:5:1 › raw command inspector follows layer and playback controls, preserves comments and safely displays source text (1.9s)
  ✓  189 tests/e2e/preset-workflow.spec.js:6:1 › a custom process captures current edits, survives reload, and supplies subsequent slice jobs (4.7s)
  ✓  193 tests/e2e/preview-inspector.spec.js:6:1 › actual native GUI fixture displays source role order and exact selected-layer commands (2.6s)
  ✓  194 tests/e2e/preset-workflow.spec.js:34:1 › editing an existing custom printer refreshes the selected bed without changing its ID (3.7s)
  ✓  195 tests/e2e/preview-inspector.spec.js:7:1 › comment-only output has bounded source context without an invented selected command or time (1.3s)
  ✓  197 tests/e2e/preview-jump.spec.js:3:1 › Preview jump-to-layer owns Mod/Shift G, validates native one-based bounds and respects active thumb and modal input (1.7s)
  ✓  198 tests/e2e/preview-native-options.spec.js:2:1 › production marker shader matches original native GLSL positions and lighting on both platform scales (1.5s)
  ✓  196 tests/e2e/preset-workflow.spec.js:52:1 › editing a secondary filament creates a preset in that slot and keeps the first slot unchanged (4.3s)
  ✓  199 tests/e2e/preview-scalars.spec.js:14:1 › source dimensions and commanded flow share native scalar colors and stay synchronized with selected commands (2.0s)
  ✓  200 tests/e2e/preview-shortcuts.spec.js:4:1 › Preview arrows target the active layer thumb, accelerate by five, cross bounds and remember single-layer mode (1.4s)
  ✓  201 tests/e2e/preview-scalars.spec.js:19:1 › missing source metadata and native planner values stay explicitly unavailable (1.5s)
  ✓  202 tests/e2e/preview-shortcuts.spec.js:5:1 › C and Home/End synchronize raw commands; form editing and modal dialogs retain their keys, and Tab leaves Prepare geometry intact (2.9s)
  ✓  203 tests/e2e/preview-scalars.spec.js:22:1 › native GUI export uses exact source flow values and whole-file ranges while a single layer is inspected (2.7s)
  ✓  205 tests/e2e/preview-volume.spec.js:17:1 › production WebGL segment vertices match the independent native C++ shader reference for camera/cap/turn branches (706ms)
  ✓  204 tests/e2e/preview-shortcuts.spec.js:6:1 › wheel interaction is scoped to a slider and follows native platform modifiers (1.5s)
  ✓  207 tests/e2e/preview.spec.js:40:1 › renders actual parsed paths and supports layer, color, travel, fit and playback controls (1.7s)
  ✓  206 tests/e2e/preview-volume.spec.js:38:1 › solid and fallback geometry share feature/layer/move visibility and render without shader errors (2.5s)
  ✓  208 tests/e2e/preview.spec.js:65:1 › missing native estimates stay unavailable instead of deriving a fabricated print time (1.4s)
  ✓  209 tests/e2e/preview-volume.spec.js:48:1 › missing dimensions retain visible lines and never acquire invented solid geometry (1.5s)
  ✓  210 tests/e2e/preview.spec.js:71:1 › reports failed G-code fetch rather than displaying a substitute preview (1.4s)
  ✓  212 tests/e2e/preview.spec.js:78:1 › cancelled jobs show their terminal state without fetching G-code (1.3s)
  ✓  211 tests/e2e/preview-volume.spec.js:51:1 › actual native GUI extrusion geometry follows the independently selected source segments (2.4s)
  ✓  213 tests/e2e/prime-tower-camera.spec.js:29:56 › Fit waits for replacement tower bounds in Perspective and retains the chosen view (2.9s)
  ✓  214 tests/e2e/prime-tower-preview.spec.js:8:1 › pre-slice tower renders native color bands, updates placement, supports Undo, and disappears on an empty plate (4.3s)
  ✓  215 tests/e2e/prime-tower-camera.spec.js:29:56 › Fit waits for replacement tower bounds in Orthographic and retains the chosen view (3.2s)
  ✓  216 tests/e2e/prime-tower-preview.spec.js:13:1 › disabled tower discards delayed geometry and error responses remove stale bands (2.7s)
  ✓  218 tests/e2e/prime-tower.spec.js:2:1 › prime tower edits preserve per-plate positions, cancel drafts and undo as a single action (3.7s)
  ✓  219 tests/e2e/profile-editor.spec.js:43:1 › printer vectors and bed points save separate native values while native extruder bounds remain read-only (319ms)
  ✓  220 tests/e2e/profile-editor.spec.js:51:1 › custom rename and changed setting preserve earlier saved overrides without flattening all defaults (393ms)
  ✓  221 tests/e2e/profile-editor.spec.js:59:1 › filament nullable vector entries preserve explicit values and native inheritance independently (439ms)
  ✓  222 tests/e2e/profile-editor.spec.js:68:1 › invalid numeric edits disable saving and reset restores the selected preset value (210ms)
  ✓  223 tests/e2e/profile-editor.spec.js:74:1 › scalar enums, booleans and multiline machine G-code save typed native representations (479ms)
  ✓  217 tests/e2e/prime-tower-camera.spec.js:39:45 › a user orbit supersedes a pending Fit without a late camera jump (7.0s)
  ✓  224 tests/e2e/profile-editor.spec.js:81:1 › native JSON export downloads the saved source and import submits parsed data with scope (327ms)
  ✓  226 tests/e2e/profile-editor.spec.js:90:1 › custom deletion requires its explicit dialog action and reports the deleted ID (319ms)
  ✓  227 tests/e2e/profile-editor.spec.js:97:1 › an older source response cannot replace a newly selected preset (198ms)
  ✓  228 tests/e2e/profile-editor.spec.js:104:1 › a wrong-scope native import reports an error without replacing the editor (164ms)
  ✓  229 tests/e2e/profile-editor.spec.js:109:1 › current process overrides and empty vectors are included when saving a custom process (301ms)
  ✓  230 tests/e2e/profile-editor.spec.js:115:1 › a pending source load can be dismissed and its later response is ignored (162ms)
  ✓  231 tests/e2e/profile-editor.spec.js:124:1 › firmware-dependent machine fields hide and dynamic input-shaping choices track the edited flavor (175ms)
  ✓  232 tests/e2e/profile-editor.spec.js:134:1 › nullable inherited display and checkbox enablement are independent for each filament variant (225ms)
  ✓  233 tests/e2e/profile-editor.spec.js:146:1 › native numeric corrections require acknowledgment and cancel keeps the edited value unsaved (490ms)
  ✓  234 tests/e2e/profile-editor.spec.js:155:1 › native firmware retraction confirmation can select its alternative without silently changing wipe values (423ms)
  ✓  235 tests/e2e/profile-editor.spec.js:163:1 › native material warnings require explicit acknowledgment before a filament preset is saved (416ms)
  ✓  236 tests/e2e/profile-editor.spec.js:171:1 › an edited SEMM nozzle diameter presents native synchronization choices before saving (380ms)
  ✓  237 tests/e2e/profile-editor.spec.js:179:1 › vase corrections submit signed decisions for hidden settings without expanding ordinary editor overrides (432ms)
  ✓  238 tests/e2e/profile-editor.spec.js:188:1 › native structural validation blocks a schema-valid but unusably small nozzle without a save request (269ms)
  ✓  239 tests/e2e/profile-editor.spec.js:194:1 › stale native decisions fail without saving or discarding the user edit (471ms)
  ✓  240 tests/e2e/profile-editor.spec.js:203:1 › an immediate native geometry warning retains its explicit choice until the later save (501ms)
  ✓  225 tests/e2e/prime-tower-camera.spec.js:39:45 › a user pan supersedes a pending Fit without a late camera jump (6.5s)
  ✓  241 tests/e2e/project-attachments.spec.js:8:1 › project attachments download exact bytes, rename, undo deletion and travel with metadata through both save formats (2.4s)
  ✓  242 tests/e2e/prime-tower-camera.spec.js:39:45 › a user zoom supersedes a pending Fit without a late camera jump (3.4s)
  ✓  243 tests/e2e/project-attachments.spec.js:18:1 › duplicate or unsupported attachments fail visibly without overwriting the retained file or breaking the editor (2.7s)
  ✓  245 tests/e2e/project-attachments.spec.js:23:1 › attachment reads cannot modify a project changed while the file was loading (2.8s)
  ✓  244 tests/e2e/prime-tower-camera.spec.js:44:1 › Zoom to bed supersedes a pending object Fit (3.5s)
  ✓  246 tests/e2e/project-cover.spec.js:5:1 › setting a project cover publishes the complete native set, exports exact images and supports undo (2.6s)
  ✓  247 tests/e2e/prime-tower-camera.spec.js:47:1 › failed preview clears the pending Fit before a later successful refresh (4.1s)
  ✓  248 tests/e2e/project-cover.spec.js:8:1 › cover generation reports missing native capability and rejects incomplete results without editing attachments (3.7s)
  ✓  249 tests/e2e/prime-tower-camera.spec.js:50:1 › disabling the tower cancels a pending Fit and its delayed response (4.0s)
  ✓  250 tests/e2e/project-cover.spec.js:9:1 › pending covers cannot overwrite project edits and can be cancelled (3.3s)
  ✓  252 tests/e2e/purge-nozzles.spec.js:17:1 › physical nozzle tabs retain independent raw tables and multipliers through native export (2.6s)
  ✓  251 tests/e2e/prime-tower-camera.spec.js:54:1 › superseded geometry cannot satisfy Fit; the newest valid preview does (4.3s)
  ✓  253 tests/e2e/purge-nozzles.spec.js:26:1 › adding and removing an unused material preserves both physical nozzle tables (2.8s)
  ✓  254 tests/e2e/prime-tower-camera.spec.js:57:1 › a fit queued for the previous plate cannot impose its view on the next plate (3.3s)
  ✓  255 tests/e2e/settings-dependencies.spec.js:9:1 › support and infill controls follow their native dependencies and explain disabled search results (1.2s)
  ✓  257 tests/e2e/settings-dependencies.spec.js:16:1 › spiral mode presents the actual native related changes and supports its native alternative (1.4s)
  ✓  256 tests/e2e/prime-tower-camera.spec.js:60:1 › camera movement before the first tower response also cancels automatic fitting (3.5s)
  ✓  258 tests/e2e/settings-dependencies.spec.js:23:1 › native layer height limits require an acknowledged correction before submitting (2.4s)
  ✓  259 tests/e2e/settings.spec.js:8:1 › every native process page exposes its source-backed settings and source defaults (2.6s)
  ✓  261 tests/e2e/settings.spec.js:29:1 › native percentages, added enum values and vector edits reach the API without shape corruption (1.7s)
  ✓  260 tests/e2e/settings-dependencies.spec.js:31:1 › imported hidden spiral correction survives save and reaches native export; edits require a fresh review (4.5s)
  ✓  262 tests/e2e/settings.spec.js:42:1 › mode filtering, row reset and preset comparison preserve current edits (1.2s)
  ✓  263 tests/e2e/settings-dependencies.spec.js:62:1 › stale saved native choices show a recoverable error instead of crashing the editor (1.8s)
  ✓  264 tests/e2e/settings.spec.js:58:1 › invalid scalar and vector drafts cannot be sliced, and reset restores valid controls (1.3s)
  ✓  265 tests/e2e/slice-workflow.spec.js:24:1 › uploads a model using resolved native presets, slices, and downloads G-code (2.0s)
  ✓  267 tests/e2e/slice-workflow.spec.js:50:1 › rejects unsupported files without submitting a job (1.5s)
  ✓  266 tests/e2e/support-preview.spec.js:5:1 › sliced support preview renders only returned support paths and retains the paint draft (5.9s)
  ✓  268 tests/e2e/slice-workflow.spec.js:60:1 › process selectors stay synchronized, defaults come from native presets, and reset clears overrides (3.4s)
  ✓  270 tests/e2e/slice-workflow.spec.js:87:1 › numeric, enum, and boolean controls submit only explicit overrides in native values (2.6s)
  ✓  271 tests/e2e/slice-workflow.spec.js:105:1 › changing printer refreshes compatible process and filament choices while preserving the file (2.0s)
  ✓  269 tests/e2e/support-preview.spec.js:8:1 › closing while creation is pending cancels only the returned preview job and validation failure keeps painting editable (5.6s)
  ✓  272 tests/e2e/slice-workflow.spec.js:121:1 › pending preset requests disable slicing and stale responses cannot replace the latest selection (2.4s)
  ✓  274 tests/e2e/slice-workflow.spec.js:154:1 › changing a preset invalidates an old download result (2.5s)
  ✓  273 tests/e2e/text.spec.js:7:1 › legacy standalone text remains editable after import and its changed dimensions support undo (4.9s)
  ✓  275 tests/e2e/slice-workflow.spec.js:168:1 › failed jobs display their error and never offer a download (1.9s)
  ✓  277 tests/e2e/slice-workflow.spec.js:183:1 › unavailable engines prevent slicing and unfinished features are explicit (1.8s)
  ✓  276 tests/e2e/text.spec.js:9:1 › legacy grouped text still edits after transforms and can change to an engraved volume (10.2s)
  ✓  278 tests/e2e/variable-layer-brush.spec.js:7:1 › 3D native texture responds to a held brush stroke, local undo restores the profile, and cancel preserves project data (6.8s)
  ✓  279 tests/e2e/text.spec.js:11:1 › invalid legacy font edits remain blocked and cancel preserves the imported object (5.8s)
  ✓  280 tests/e2e/variable-layer-brush.spec.js:10:63 › native bar increase gesture applies the source brush and survives export (6.6s)
  ✓  281 tests/e2e/variable-layers.spec.js:4:1 › adaptive profile generation, smoothing and native export preserve a real variable curve (6.1s)
  ✓  282 tests/e2e/variable-layer-brush.spec.js:10:63 › native bar decrease gesture applies the source brush and survives export (7.0s)
  ✓  283 tests/e2e/variable-layers.spec.js:8:1 › point editing enforces native bounds and ordering; cancel leaves no draft metadata (4.3s)
  ✓  284 tests/e2e/variable-layer-brush.spec.js:10:63 › native bar reduce gesture applies the source brush and survives export (5.1s)
  ✓  285 tests/e2e/variable-layers.spec.js:11:1 › removing a variable profile participates in ordinary undo and redo (6.5s)
  ✓  286 tests/e2e/variable-layer-brush.spec.js:10:63 › native bar smooth gesture applies the source brush and survives export (6.2s)
  ✓  287 tests/e2e/workspace-layout.spec.js:11:1 › settings divider responds to pointer and keyboard, persists, and resets without changing model history (3.2s)
  ✓  289 tests/e2e/workspace-layout.spec.js:31:1 › large saved panels clamp to available space and restore their preference when the window grows (1.8s)
  ✓  290 tests/e2e/workspace-layout.spec.js:51:1 › malformed saved panel width falls back to a usable default (1.1s)
  ✓  288 tests/e2e/variable-layer-brush.spec.js:13:1 › wheel adjusts native brush bounds without zooming and default initialization preserves locked height ranges (4.7s)

  290 passed (7.7m)
