✔ Fill tower oracle uses pinned original viewport/Fill source and matching adapter provenance (35.293334ms)
✔ native Fill tower matches original GUI footprint, packing and every instance: two materials with double brim (309.398791ms)
✔ native Fill tower matches original GUI footprint, packing and every instance: larger prime volume (20.2625ms)
✔ native Fill tower matches original GUI footprint, packing and every instance: zero brim (25.253083ms)
✔ native Fill tower matches original GUI footprint, packing and every instance: automatic brim from native shell height (24.121334ms)
✔ native Fill tower matches original GUI footprint, packing and every instance: edge placement clamps raw coordinates (18.567375ms)
✔ native Fill tower matches original GUI footprint, packing and every instance: native Fill deliberately ignores tower rotation (24.681042ms)
✔ native Fill tower matches original GUI footprint, packing and every instance: second plate retains native zero obstacle bed index (14.696792ms)
✔ native Fill tower matches original GUI footprint, packing and every instance: sequential plate hides a two-instance tower (13.773875ms)
✔ native Fill tower matches original GUI footprint, packing and every instance: single used material hides tower (19.085209ms)
✔ native Fill tower matches original GUI footprint, packing and every instance: single material smooth timelapse still reserves tower (23.60925ms)
✔ native Fill tower matches original GUI footprint, packing and every instance: wrapping detection still reserves single-material tower (19.379792ms)
✔ native Fill tower matches original GUI footprint, packing and every instance: tool change adds third native filament (15.378042ms)
✔ native Fill tower matches original GUI footprint, packing and every instance: native float grid retains tower only in candidate budgeting (16.435541ms)
✔ native Arrange retains the existing original viewport obstacle: two materials with double brim (20.365292ms)
✔ native Arrange retains the existing original viewport obstacle: larger prime volume (20.72725ms)
✔ native Arrange retains the existing original viewport obstacle: zero brim (16.275334ms)
✔ native Arrange retains the existing original viewport obstacle: automatic brim from native shell height (16.780458ms)
✔ native Arrange retains the existing original viewport obstacle: edge placement clamps raw coordinates (19.822875ms)
✔ native Arrange retains the existing original viewport obstacle: native Fill deliberately ignores tower rotation (14.714209ms)
✔ native Arrange retains the existing original viewport obstacle: second plate retains native zero obstacle bed index (13.533541ms)
✔ native Arrange retains the existing original viewport obstacle: sequential plate hides a two-instance tower (10.002167ms)
✔ native Arrange retains the existing original viewport obstacle: single used material hides tower (10.944208ms)
✔ native Arrange retains the existing original viewport obstacle: single material smooth timelapse still reserves tower (15.257167ms)
✔ native Arrange retains the existing original viewport obstacle: wrapping detection still reserves single-material tower (9.977333ms)
✔ native Arrange retains the existing original viewport obstacle: tool change adds third native filament (10.539125ms)
✔ native Arrange retains the existing original viewport obstacle: native float grid retains tower only in candidate budgeting (12.344375ms)
✔ native Fill rejects malformed, missing and oversized tower context before packing (55.542958ms)
✔ prime tower reference and production helper match pinned original source and paired build provenance (11.175333ms)
✔ original native tower containment, assignments and sizing: two-material rectangle (237.810875ms)
✔ original native tower containment, assignments and sizing: tower disabled (21.565333ms)
✔ original native tower containment, assignments and sizing: single palette (29.218125ms)
✔ original native tower containment, assignments and sizing: single used filament (29.37575ms)
✔ original native tower containment, assignments and sizing: single smooth timelapse (27.676333ms)
✔ original native tower containment, assignments and sizing: single wrapping detection (21.489125ms)
✔ original native tower containment, assignments and sizing: sequential two printable (21.380583ms)
✔ original native tower containment, assignments and sizing: sequential one nonprintable (22.857917ms)
✔ original native tower containment, assignments and sizing: outside second object (25.434166ms)
✔ original native tower containment, assignments and sizing: overheight second object (19.265125ms)
✔ original native tower containment, assignments and sizing: excluded second object (28.847709ms)
✔ original native tower containment, assignments and sizing: sinking exclusion original limitation (26.513958ms)
✔ original native tower containment, assignments and sizing: sinking partly outside bed (29.819042ms)
✔ original native tower containment, assignments and sizing: nonrectangular native nonsinking bounds (34.830667ms)
✔ original native tower containment, assignments and sizing: nonrectangular sinking exact volume (20.688417ms)
✔ original native tower containment, assignments and sizing: linked first instance on another plate (24.534625ms)
✔ original native tower containment, assignments and sizing: linked remote instance extends native height (21.291584ms)
✔ original native tower containment, assignments and sizing: ranges and support assignments (20.711333ms)
✔ original native tower containment, assignments and sizing: painted second filament (25.606583ms)
✔ original native tower containment, assignments and sizing: tool change third filament (25.147292ms)
✔ original native tower containment, assignments and sizing: rib wall tall tower (27.347667ms)
✔ original native tower containment, assignments and sizing: dual nozzle change volume (26.368625ms)
✔ original native tower containment, assignments and sizing: float narrowed rotated offset (25.420416ms)
✔ original native tower containment, assignments and sizing: empty model ignores tool events (26.171875ms)
✔ original native tower containment, assignments and sizing: second plate native origins (20.069667ms)
✔ original native tower containment, assignments and sizing: native default single exclusion sentinel (20.971042ms)
✔ original native tower containment, assignments and sizing: native trailing exclusion points ignored (23.440083ms)
✔ native tower rejects malformed painting and plate/assignment bounds before invoking unsafe native readers (82.573125ms)
✔ legal identities retain the exact original two-material tower: family token equals a standalone group key (361.615959ms)
✔ legal identities retain the exact original two-material tower: standalone group precedes a colliding family token (22.610542ms)
✔ legal identities retain the exact original two-material tower: long plate and object IDs compose beyond the worker bound (33.401459ms)
✔ legal identities retain the exact original two-material tower: escaped group IDs exceed the bound only after JSON encoding (22.013416ms)
✔ legal identities retain the exact original two-material tower: multibyte group IDs exceed the worker byte bound (29.531ms)
✔ legal identities retain the exact original two-material tower: multibyte family token exceeds the worker byte bound (22.6445ms)
✔ legal identities retain the exact original two-material tower: user family token collides with an allocated worker ID (21.753291ms)
ℹ tests 64
ℹ suites 0
ℹ pass 64
ℹ fail 0
ℹ cancelled 0
ℹ skipped 0
ℹ todo 0
ℹ duration_ms 1330.422167
